<!doctype html public "-//w3c//dtd html 4.0 transitional//en">
<html><head>
<title>Static Call Graph - [Alpha-GoLite\Alpha-GoLite.axf]</title></head>
<body><HR>
<H1>Static Call Graph for image Alpha-GoLite\Alpha-GoLite.axf</H1><HR>
<BR><P>#&#060CALLGRAPH&#062# ARM Linker, 6180002: Last Updated: Mon Sep  2 22:40:44 2024
<BR><P>
<H3>Maximum Stack Usage =       1496 bytes + Unknown(Functions without stacksize, Cycles, Untraceable Function Pointers)</H3><H3>
Call chain for Maximum Stack Depth:</H3>
lv_slider_event &rArr; lv_bar_event &rArr; lv_obj_event &rArr; layout_update_core &rArr;  layout_update_core (Cycle)
<P>
<H3>
Functions with no stack information
</H3><UL>
 <LI><a href="#[1a2]">__user_initial_stackheap</a>
</UL>
</UL>
<P>
<H3>
Mutually Recursive functions
</H3> <LI><a href="#[98]">ADC3_IRQHandler</a>&nbsp;&nbsp;&nbsp;&rArr;&nbsp;&nbsp;&nbsp;<a href="#[98]">ADC3_IRQHandler</a><BR>
 <LI><a href="#[1b]">BusFault_Handler</a>&nbsp;&nbsp;&nbsp;&rArr;&nbsp;&nbsp;&nbsp;<a href="#[1b]">BusFault_Handler</a><BR>
 <LI><a href="#[19]">HardFault_Handler</a>&nbsp;&nbsp;&nbsp;&rArr;&nbsp;&nbsp;&nbsp;<a href="#[19]">HardFault_Handler</a><BR>
 <LI><a href="#[1a]">MemManage_Handler</a>&nbsp;&nbsp;&nbsp;&rArr;&nbsp;&nbsp;&nbsp;<a href="#[1a]">MemManage_Handler</a><BR>
 <LI><a href="#[18]">NMI_Handler</a>&nbsp;&nbsp;&nbsp;&rArr;&nbsp;&nbsp;&nbsp;<a href="#[18]">NMI_Handler</a><BR>
 <LI><a href="#[1c]">UsageFault_Handler</a>&nbsp;&nbsp;&nbsp;&rArr;&nbsp;&nbsp;&nbsp;<a href="#[1c]">UsageFault_Handler</a><BR>
 <LI><a href="#[1de]">_vsnprintf</a>&nbsp;&nbsp;&nbsp;&rArr;&nbsp;&nbsp;&nbsp;<a href="#[1de]">_vsnprintf</a><BR>
 <LI><a href="#[272]">lv_obj_transform_point</a>&nbsp;&nbsp;&nbsp;&rArr;&nbsp;&nbsp;&nbsp;<a href="#[272]">lv_obj_transform_point</a><BR>
 <LI><a href="#[291]">lv_obj_redraw</a>&nbsp;&nbsp;&nbsp;&rArr;&nbsp;&nbsp;&nbsp;<a href="#[292]">refr_obj</a><BR>
 <LI><a href="#[1d6]">event_send_core</a>&nbsp;&nbsp;&nbsp;&rArr;&nbsp;&nbsp;&nbsp;<a href="#[1d6]">event_send_core</a><BR>
 <LI><a href="#[29b]">lv_refr_get_top_obj</a>&nbsp;&nbsp;&nbsp;&rArr;&nbsp;&nbsp;&nbsp;<a href="#[29b]">lv_refr_get_top_obj</a><BR>
 <LI><a href="#[294]">refresh_children_style</a>&nbsp;&nbsp;&nbsp;&rArr;&nbsp;&nbsp;&nbsp;<a href="#[294]">refresh_children_style</a><BR>
 <LI><a href="#[1f2]">lv_obj_move_children_by</a>&nbsp;&nbsp;&nbsp;&rArr;&nbsp;&nbsp;&nbsp;<a href="#[1f2]">lv_obj_move_children_by</a><BR>
 <LI><a href="#[293]">lv_obj_scroll_by_bounded</a>&nbsp;&nbsp;&nbsp;&rArr;&nbsp;&nbsp;&nbsp;<a href="#[1c1]">layout_update_core</a><BR>
 <LI><a href="#[1c1]">layout_update_core</a>&nbsp;&nbsp;&nbsp;&rArr;&nbsp;&nbsp;&nbsp;<a href="#[1c1]">layout_update_core</a><BR>
 <LI><a href="#[289]">lv_obj_construct</a>&nbsp;&nbsp;&nbsp;&rArr;&nbsp;&nbsp;&nbsp;<a href="#[289]">lv_obj_construct</a><BR>
 <LI><a href="#[1e2]">apply_theme</a>&nbsp;&nbsp;&nbsp;&rArr;&nbsp;&nbsp;&nbsp;<a href="#[1e2]">apply_theme</a><BR>
 <LI><a href="#[222]">lv_indev_search_obj</a>&nbsp;&nbsp;&nbsp;&rArr;&nbsp;&nbsp;&nbsp;<a href="#[222]">lv_indev_search_obj</a><BR>
 <LI><a href="#[28b]">obj_del_core</a>&nbsp;&nbsp;&nbsp;&rArr;&nbsp;&nbsp;&nbsp;<a href="#[28b]">obj_del_core</a><BR>
 <LI><a href="#[2c1]">obj_valid_child</a>&nbsp;&nbsp;&nbsp;&rArr;&nbsp;&nbsp;&nbsp;<a href="#[2c1]">obj_valid_child</a><BR>
 <LI><a href="#[2c0]">report_style_change_core</a>&nbsp;&nbsp;&nbsp;&rArr;&nbsp;&nbsp;&nbsp;<a href="#[2c0]">report_style_change_core</a><BR>
</UL>
<P>
<H3>
Function Pointers
</H3><UL>
 <LI><a href="#[98]">ADC3_IRQHandler</a> from startup_stm32h743xx.o(.text) referenced from startup_stm32h743xx.o(RESET)
 <LI><a href="#[33]">ADC_IRQHandler</a> from startup_stm32h743xx.o(.text) referenced from startup_stm32h743xx.o(RESET)
 <LI><a href="#[9a]">BDMA_Channel0_IRQHandler</a> from startup_stm32h743xx.o(.text) referenced from startup_stm32h743xx.o(RESET)
 <LI><a href="#[9b]">BDMA_Channel1_IRQHandler</a> from startup_stm32h743xx.o(.text) referenced from startup_stm32h743xx.o(RESET)
 <LI><a href="#[9c]">BDMA_Channel2_IRQHandler</a> from startup_stm32h743xx.o(.text) referenced from startup_stm32h743xx.o(RESET)
 <LI><a href="#[9d]">BDMA_Channel3_IRQHandler</a> from startup_stm32h743xx.o(.text) referenced from startup_stm32h743xx.o(RESET)
 <LI><a href="#[9e]">BDMA_Channel4_IRQHandler</a> from startup_stm32h743xx.o(.text) referenced from startup_stm32h743xx.o(RESET)
 <LI><a href="#[9f]">BDMA_Channel5_IRQHandler</a> from startup_stm32h743xx.o(.text) referenced from startup_stm32h743xx.o(RESET)
 <LI><a href="#[a0]">BDMA_Channel6_IRQHandler</a> from startup_stm32h743xx.o(.text) referenced from startup_stm32h743xx.o(RESET)
 <LI><a href="#[a1]">BDMA_Channel7_IRQHandler</a> from startup_stm32h743xx.o(.text) referenced from startup_stm32h743xx.o(RESET)
 <LI><a href="#[1b]">BusFault_Handler</a> from lto-llvm-f18d01.o(.text.BusFault_Handler) referenced from startup_stm32h743xx.o(RESET)
 <LI><a href="#[79]">CEC_IRQHandler</a> from startup_stm32h743xx.o(.text) referenced from startup_stm32h743xx.o(RESET)
 <LI><a href="#[a2]">COMP1_IRQHandler</a> from startup_stm32h743xx.o(.text) referenced from startup_stm32h743xx.o(RESET)
 <LI><a href="#[a8]">CRS_IRQHandler</a> from startup_stm32h743xx.o(.text) referenced from startup_stm32h743xx.o(RESET)
 <LI><a href="#[6a]">DCMI_IRQHandler</a> from startup_stm32h743xx.o(.text) referenced from startup_stm32h743xx.o(RESET)
 <LI><a href="#[89]">DFSDM1_FLT0_IRQHandler</a> from startup_stm32h743xx.o(.text) referenced from startup_stm32h743xx.o(RESET)
 <LI><a href="#[8a]">DFSDM1_FLT1_IRQHandler</a> from startup_stm32h743xx.o(.text) referenced from startup_stm32h743xx.o(RESET)
 <LI><a href="#[8b]">DFSDM1_FLT2_IRQHandler</a> from startup_stm32h743xx.o(.text) referenced from startup_stm32h743xx.o(RESET)
 <LI><a href="#[8c]">DFSDM1_FLT3_IRQHandler</a> from startup_stm32h743xx.o(.text) referenced from startup_stm32h743xx.o(RESET)
 <LI><a href="#[2c]">DMA1_Stream0_IRQHandler</a> from startup_stm32h743xx.o(.text) referenced from startup_stm32h743xx.o(RESET)
 <LI><a href="#[2d]">DMA1_Stream1_IRQHandler</a> from startup_stm32h743xx.o(.text) referenced from startup_stm32h743xx.o(RESET)
 <LI><a href="#[2e]">DMA1_Stream2_IRQHandler</a> from startup_stm32h743xx.o(.text) referenced from startup_stm32h743xx.o(RESET)
 <LI><a href="#[2f]">DMA1_Stream3_IRQHandler</a> from startup_stm32h743xx.o(.text) referenced from startup_stm32h743xx.o(RESET)
 <LI><a href="#[30]">DMA1_Stream4_IRQHandler</a> from startup_stm32h743xx.o(.text) referenced from startup_stm32h743xx.o(RESET)
 <LI><a href="#[31]">DMA1_Stream5_IRQHandler</a> from startup_stm32h743xx.o(.text) referenced from startup_stm32h743xx.o(RESET)
 <LI><a href="#[32]">DMA1_Stream6_IRQHandler</a> from startup_stm32h743xx.o(.text) referenced from startup_stm32h743xx.o(RESET)
 <LI><a href="#[4f]">DMA1_Stream7_IRQHandler</a> from startup_stm32h743xx.o(.text) referenced from startup_stm32h743xx.o(RESET)
 <LI><a href="#[75]">DMA2D_IRQHandler</a> from startup_stm32h743xx.o(.text) referenced from startup_stm32h743xx.o(RESET)
 <LI><a href="#[58]">DMA2_Stream0_IRQHandler</a> from startup_stm32h743xx.o(.text) referenced from startup_stm32h743xx.o(RESET)
 <LI><a href="#[59]">DMA2_Stream1_IRQHandler</a> from startup_stm32h743xx.o(.text) referenced from startup_stm32h743xx.o(RESET)
 <LI><a href="#[5a]">DMA2_Stream2_IRQHandler</a> from startup_stm32h743xx.o(.text) referenced from startup_stm32h743xx.o(RESET)
 <LI><a href="#[5b]">DMA2_Stream3_IRQHandler</a> from startup_stm32h743xx.o(.text) referenced from startup_stm32h743xx.o(RESET)
 <LI><a href="#[5c]">DMA2_Stream4_IRQHandler</a> from startup_stm32h743xx.o(.text) referenced from startup_stm32h743xx.o(RESET)
 <LI><a href="#[60]">DMA2_Stream5_IRQHandler</a> from startup_stm32h743xx.o(.text) referenced from startup_stm32h743xx.o(RESET)
 <LI><a href="#[61]">DMA2_Stream6_IRQHandler</a> from startup_stm32h743xx.o(.text) referenced from startup_stm32h743xx.o(RESET)
 <LI><a href="#[62]">DMA2_Stream7_IRQHandler</a> from startup_stm32h743xx.o(.text) referenced from startup_stm32h743xx.o(RESET)
 <LI><a href="#[81]">DMAMUX1_OVR_IRQHandler</a> from startup_stm32h743xx.o(.text) referenced from startup_stm32h743xx.o(RESET)
 <LI><a href="#[99]">DMAMUX2_OVR_IRQHandler</a> from startup_stm32h743xx.o(.text) referenced from startup_stm32h743xx.o(RESET)
 <LI><a href="#[1e]">DebugMon_Handler</a> from lto-llvm-f18d01.o(.text.DebugMon_Handler) referenced from startup_stm32h743xx.o(RESET)
 <LI><a href="#[a9]">ECC_IRQHandler</a> from startup_stm32h743xx.o(.text) referenced from startup_stm32h743xx.o(RESET)
 <LI><a href="#[5d]">ETH_IRQHandler</a> from startup_stm32h743xx.o(.text) referenced from startup_stm32h743xx.o(RESET)
 <LI><a href="#[5e]">ETH_WKUP_IRQHandler</a> from startup_stm32h743xx.o(.text) referenced from startup_stm32h743xx.o(RESET)
 <LI><a href="#[27]">EXTI0_IRQHandler</a> from startup_stm32h743xx.o(.text) referenced from startup_stm32h743xx.o(RESET)
 <LI><a href="#[49]">EXTI15_10_IRQHandler</a> from startup_stm32h743xx.o(.text) referenced from startup_stm32h743xx.o(RESET)
 <LI><a href="#[28]">EXTI1_IRQHandler</a> from startup_stm32h743xx.o(.text) referenced from startup_stm32h743xx.o(RESET)
 <LI><a href="#[29]">EXTI2_IRQHandler</a> from startup_stm32h743xx.o(.text) referenced from startup_stm32h743xx.o(RESET)
 <LI><a href="#[2a]">EXTI3_IRQHandler</a> from startup_stm32h743xx.o(.text) referenced from startup_stm32h743xx.o(RESET)
 <LI><a href="#[2b]">EXTI4_IRQHandler</a> from startup_stm32h743xx.o(.text) referenced from startup_stm32h743xx.o(RESET)
 <LI><a href="#[38]">EXTI9_5_IRQHandler</a> from startup_stm32h743xx.o(.text) referenced from startup_stm32h743xx.o(RESET)
 <LI><a href="#[34]">FDCAN1_IT0_IRQHandler</a> from startup_stm32h743xx.o(.text) referenced from startup_stm32h743xx.o(RESET)
 <LI><a href="#[36]">FDCAN1_IT1_IRQHandler</a> from startup_stm32h743xx.o(.text) referenced from startup_stm32h743xx.o(RESET)
 <LI><a href="#[35]">FDCAN2_IT0_IRQHandler</a> from startup_stm32h743xx.o(.text) referenced from startup_stm32h743xx.o(RESET)
 <LI><a href="#[37]">FDCAN2_IT1_IRQHandler</a> from startup_stm32h743xx.o(.text) referenced from startup_stm32h743xx.o(RESET)
 <LI><a href="#[5f]">FDCAN_CAL_IRQHandler</a> from startup_stm32h743xx.o(.text) referenced from startup_stm32h743xx.o(RESET)
 <LI><a href="#[25]">FLASH_IRQHandler</a> from startup_stm32h743xx.o(.text) referenced from startup_stm32h743xx.o(RESET)
 <LI><a href="#[50]">FMC_IRQHandler</a> from startup_stm32h743xx.o(.text) referenced from startup_stm32h743xx.o(RESET)
 <LI><a href="#[6c]">FPU_IRQHandler</a> from startup_stm32h743xx.o(.text) referenced from startup_stm32h743xx.o(RESET)
 <LI><a href="#[88]">HRTIM1_FLT_IRQHandler</a> from startup_stm32h743xx.o(.text) referenced from startup_stm32h743xx.o(RESET)
 <LI><a href="#[82]">HRTIM1_Master_IRQHandler</a> from startup_stm32h743xx.o(.text) referenced from startup_stm32h743xx.o(RESET)
 <LI><a href="#[83]">HRTIM1_TIMA_IRQHandler</a> from startup_stm32h743xx.o(.text) referenced from startup_stm32h743xx.o(RESET)
 <LI><a href="#[84]">HRTIM1_TIMB_IRQHandler</a> from startup_stm32h743xx.o(.text) referenced from startup_stm32h743xx.o(RESET)
 <LI><a href="#[85]">HRTIM1_TIMC_IRQHandler</a> from startup_stm32h743xx.o(.text) referenced from startup_stm32h743xx.o(RESET)
 <LI><a href="#[86]">HRTIM1_TIMD_IRQHandler</a> from startup_stm32h743xx.o(.text) referenced from startup_stm32h743xx.o(RESET)
 <LI><a href="#[87]">HRTIM1_TIME_IRQHandler</a> from startup_stm32h743xx.o(.text) referenced from startup_stm32h743xx.o(RESET)
 <LI><a href="#[97]">HSEM1_IRQHandler</a> from startup_stm32h743xx.o(.text) referenced from startup_stm32h743xx.o(RESET)
 <LI><a href="#[19]">HardFault_Handler</a> from lto-llvm-f18d01.o(.text.HardFault_Handler) referenced from startup_stm32h743xx.o(RESET)
 <LI><a href="#[41]">I2C1_ER_IRQHandler</a> from startup_stm32h743xx.o(.text) referenced from startup_stm32h743xx.o(RESET)
 <LI><a href="#[40]">I2C1_EV_IRQHandler</a> from startup_stm32h743xx.o(.text) referenced from startup_stm32h743xx.o(RESET)
 <LI><a href="#[43]">I2C2_ER_IRQHandler</a> from startup_stm32h743xx.o(.text) referenced from startup_stm32h743xx.o(RESET)
 <LI><a href="#[42]">I2C2_EV_IRQHandler</a> from startup_stm32h743xx.o(.text) referenced from startup_stm32h743xx.o(RESET)
 <LI><a href="#[65]">I2C3_ER_IRQHandler</a> from startup_stm32h743xx.o(.text) referenced from startup_stm32h743xx.o(RESET)
 <LI><a href="#[64]">I2C3_EV_IRQHandler</a> from startup_stm32h743xx.o(.text) referenced from startup_stm32h743xx.o(RESET)
 <LI><a href="#[7b]">I2C4_ER_IRQHandler</a> from startup_stm32h743xx.o(.text) referenced from startup_stm32h743xx.o(RESET)
 <LI><a href="#[7a]">I2C4_EV_IRQHandler</a> from startup_stm32h743xx.o(.text) referenced from startup_stm32h743xx.o(RESET)
 <LI><a href="#[94]">JPEG_IRQHandler</a> from startup_stm32h743xx.o(.text) referenced from startup_stm32h743xx.o(RESET)
 <LI><a href="#[78]">LPTIM1_IRQHandler</a> from startup_stm32h743xx.o(.text) referenced from startup_stm32h743xx.o(RESET)
 <LI><a href="#[a3]">LPTIM2_IRQHandler</a> from startup_stm32h743xx.o(.text) referenced from startup_stm32h743xx.o(RESET)
 <LI><a href="#[a4]">LPTIM3_IRQHandler</a> from startup_stm32h743xx.o(.text) referenced from startup_stm32h743xx.o(RESET)
 <LI><a href="#[a5]">LPTIM4_IRQHandler</a> from startup_stm32h743xx.o(.text) referenced from startup_stm32h743xx.o(RESET)
 <LI><a href="#[a6]">LPTIM5_IRQHandler</a> from startup_stm32h743xx.o(.text) referenced from startup_stm32h743xx.o(RESET)
 <LI><a href="#[a7]">LPUART1_IRQHandler</a> from startup_stm32h743xx.o(.text) referenced from startup_stm32h743xx.o(RESET)
 <LI><a href="#[74]">LTDC_ER_IRQHandler</a> from startup_stm32h743xx.o(.text) referenced from startup_stm32h743xx.o(RESET)
 <LI><a href="#[73]">LTDC_IRQHandler</a> from startup_stm32h743xx.o(.text) referenced from startup_stm32h743xx.o(RESET)
 <LI><a href="#[93]">MDIOS_IRQHandler</a> from startup_stm32h743xx.o(.text) referenced from startup_stm32h743xx.o(RESET)
 <LI><a href="#[92]">MDIOS_WKUP_IRQHandler</a> from startup_stm32h743xx.o(.text) referenced from startup_stm32h743xx.o(RESET)
 <LI><a href="#[95]">MDMA_IRQHandler</a> from startup_stm32h743xx.o(.text) referenced from startup_stm32h743xx.o(RESET)
 <LI><a href="#[1a]">MemManage_Handler</a> from lto-llvm-f18d01.o(.text.MemManage_Handler) referenced from startup_stm32h743xx.o(RESET)
 <LI><a href="#[18]">NMI_Handler</a> from lto-llvm-f18d01.o(.text.NMI_Handler) referenced from startup_stm32h743xx.o(RESET)
 <LI><a href="#[7e]">OTG_FS_EP1_IN_IRQHandler</a> from startup_stm32h743xx.o(.text) referenced from startup_stm32h743xx.o(RESET)
 <LI><a href="#[7d]">OTG_FS_EP1_OUT_IRQHandler</a> from startup_stm32h743xx.o(.text) referenced from startup_stm32h743xx.o(RESET)
 <LI><a href="#[80]">OTG_FS_IRQHandler</a> from startup_stm32h743xx.o(.text) referenced from startup_stm32h743xx.o(RESET)
 <LI><a href="#[7f]">OTG_FS_WKUP_IRQHandler</a> from startup_stm32h743xx.o(.text) referenced from startup_stm32h743xx.o(RESET)
 <LI><a href="#[67]">OTG_HS_EP1_IN_IRQHandler</a> from startup_stm32h743xx.o(.text) referenced from startup_stm32h743xx.o(RESET)
 <LI><a href="#[66]">OTG_HS_EP1_OUT_IRQHandler</a> from startup_stm32h743xx.o(.text) referenced from startup_stm32h743xx.o(RESET)
 <LI><a href="#[69]">OTG_HS_IRQHandler</a> from startup_stm32h743xx.o(.text) referenced from startup_stm32h743xx.o(RESET)
 <LI><a href="#[68]">OTG_HS_WKUP_IRQHandler</a> from startup_stm32h743xx.o(.text) referenced from startup_stm32h743xx.o(RESET)
 <LI><a href="#[22]">PVD_AVD_IRQHandler</a> from startup_stm32h743xx.o(.text) referenced from startup_stm32h743xx.o(RESET)
 <LI><a href="#[1f]">PendSV_Handler</a> from lto-llvm-f18d01.o(.text.PendSV_Handler) referenced from startup_stm32h743xx.o(RESET)
 <LI><a href="#[77]">QUADSPI_IRQHandler</a> from startup_stm32h743xx.o(.text) referenced from startup_stm32h743xx.o(RESET)
 <LI><a href="#[26]">RCC_IRQHandler</a> from startup_stm32h743xx.o(.text) referenced from startup_stm32h743xx.o(RESET)
 <LI><a href="#[6b]">RNG_IRQHandler</a> from startup_stm32h743xx.o(.text) referenced from startup_stm32h743xx.o(RESET)
 <LI><a href="#[4a]">RTC_Alarm_IRQHandler</a> from startup_stm32h743xx.o(.text) referenced from startup_stm32h743xx.o(RESET)
 <LI><a href="#[24]">RTC_WKUP_IRQHandler</a> from startup_stm32h743xx.o(.text) referenced from startup_stm32h743xx.o(RESET)
 <LI><a href="#[17]">Reset_Handler</a> from startup_stm32h743xx.o(.text) referenced from startup_stm32h743xx.o(RESET)
 <LI><a href="#[72]">SAI1_IRQHandler</a> from startup_stm32h743xx.o(.text) referenced from startup_stm32h743xx.o(RESET)
 <LI><a href="#[76]">SAI2_IRQHandler</a> from startup_stm32h743xx.o(.text) referenced from startup_stm32h743xx.o(RESET)
 <LI><a href="#[8d]">SAI3_IRQHandler</a> from startup_stm32h743xx.o(.text) referenced from startup_stm32h743xx.o(RESET)
 <LI><a href="#[aa]">SAI4_IRQHandler</a> from startup_stm32h743xx.o(.text) referenced from startup_stm32h743xx.o(RESET)
 <LI><a href="#[51]">SDMMC1_IRQHandler</a> from startup_stm32h743xx.o(.text) referenced from startup_stm32h743xx.o(RESET)
 <LI><a href="#[96]">SDMMC2_IRQHandler</a> from startup_stm32h743xx.o(.text) referenced from startup_stm32h743xx.o(RESET)
 <LI><a href="#[7c]">SPDIF_RX_IRQHandler</a> from startup_stm32h743xx.o(.text) referenced from startup_stm32h743xx.o(RESET)
 <LI><a href="#[44]">SPI1_IRQHandler</a> from startup_stm32h743xx.o(.text) referenced from startup_stm32h743xx.o(RESET)
 <LI><a href="#[45]">SPI2_IRQHandler</a> from startup_stm32h743xx.o(.text) referenced from startup_stm32h743xx.o(RESET)
 <LI><a href="#[53]">SPI3_IRQHandler</a> from startup_stm32h743xx.o(.text) referenced from startup_stm32h743xx.o(RESET)
 <LI><a href="#[6f]">SPI4_IRQHandler</a> from startup_stm32h743xx.o(.text) referenced from startup_stm32h743xx.o(RESET)
 <LI><a href="#[70]">SPI5_IRQHandler</a> from startup_stm32h743xx.o(.text) referenced from startup_stm32h743xx.o(RESET)
 <LI><a href="#[71]">SPI6_IRQHandler</a> from startup_stm32h743xx.o(.text) referenced from startup_stm32h743xx.o(RESET)
 <LI><a href="#[1d]">SVC_Handler</a> from lto-llvm-f18d01.o(.text.SVC_Handler) referenced from startup_stm32h743xx.o(RESET)
 <LI><a href="#[8e]">SWPMI1_IRQHandler</a> from startup_stm32h743xx.o(.text) referenced from startup_stm32h743xx.o(RESET)
 <LI><a href="#[20]">SysTick_Handler</a> from lto-llvm-f18d01.o(.text.SysTick_Handler) referenced from startup_stm32h743xx.o(RESET)
 <LI><a href="#[ac]">SystemInit</a> from lto-llvm-f18d01.o(.text.SystemInit) referenced from startup_stm32h743xx.o(.text)
 <LI><a href="#[23]">TAMP_STAMP_IRQHandler</a> from startup_stm32h743xx.o(.text) referenced from startup_stm32h743xx.o(RESET)
 <LI><a href="#[8f]">TIM15_IRQHandler</a> from startup_stm32h743xx.o(.text) referenced from startup_stm32h743xx.o(RESET)
 <LI><a href="#[90]">TIM16_IRQHandler</a> from startup_stm32h743xx.o(.text) referenced from startup_stm32h743xx.o(RESET)
 <LI><a href="#[91]">TIM17_IRQHandler</a> from startup_stm32h743xx.o(.text) referenced from startup_stm32h743xx.o(RESET)
 <LI><a href="#[39]">TIM1_BRK_IRQHandler</a> from startup_stm32h743xx.o(.text) referenced from startup_stm32h743xx.o(RESET)
 <LI><a href="#[3c]">TIM1_CC_IRQHandler</a> from startup_stm32h743xx.o(.text) referenced from startup_stm32h743xx.o(RESET)
 <LI><a href="#[3b]">TIM1_TRG_COM_IRQHandler</a> from startup_stm32h743xx.o(.text) referenced from startup_stm32h743xx.o(RESET)
 <LI><a href="#[3a]">TIM1_UP_IRQHandler</a> from lto-llvm-f18d01.o(.text.TIM1_UP_IRQHandler) referenced from startup_stm32h743xx.o(RESET)
 <LI><a href="#[3d]">TIM2_IRQHandler</a> from startup_stm32h743xx.o(.text) referenced from startup_stm32h743xx.o(RESET)
 <LI><a href="#[3e]">TIM3_IRQHandler</a> from startup_stm32h743xx.o(.text) referenced from startup_stm32h743xx.o(RESET)
 <LI><a href="#[3f]">TIM4_IRQHandler</a> from startup_stm32h743xx.o(.text) referenced from startup_stm32h743xx.o(RESET)
 <LI><a href="#[52]">TIM5_IRQHandler</a> from startup_stm32h743xx.o(.text) referenced from startup_stm32h743xx.o(RESET)
 <LI><a href="#[56]">TIM6_DAC_IRQHandler</a> from startup_stm32h743xx.o(.text) referenced from startup_stm32h743xx.o(RESET)
 <LI><a href="#[57]">TIM7_IRQHandler</a> from startup_stm32h743xx.o(.text) referenced from startup_stm32h743xx.o(RESET)
 <LI><a href="#[4b]">TIM8_BRK_TIM12_IRQHandler</a> from startup_stm32h743xx.o(.text) referenced from startup_stm32h743xx.o(RESET)
 <LI><a href="#[4e]">TIM8_CC_IRQHandler</a> from startup_stm32h743xx.o(.text) referenced from startup_stm32h743xx.o(RESET)
 <LI><a href="#[4d]">TIM8_TRG_COM_TIM14_IRQHandler</a> from startup_stm32h743xx.o(.text) referenced from startup_stm32h743xx.o(RESET)
 <LI><a href="#[4c]">TIM8_UP_TIM13_IRQHandler</a> from startup_stm32h743xx.o(.text) referenced from startup_stm32h743xx.o(RESET)
 <LI><a href="#[54]">UART4_IRQHandler</a> from startup_stm32h743xx.o(.text) referenced from startup_stm32h743xx.o(RESET)
 <LI><a href="#[55]">UART5_IRQHandler</a> from startup_stm32h743xx.o(.text) referenced from startup_stm32h743xx.o(RESET)
 <LI><a href="#[6d]">UART7_IRQHandler</a> from startup_stm32h743xx.o(.text) referenced from startup_stm32h743xx.o(RESET)
 <LI><a href="#[6e]">UART8_IRQHandler</a> from startup_stm32h743xx.o(.text) referenced from startup_stm32h743xx.o(RESET)
 <LI><a href="#[46]">USART1_IRQHandler</a> from startup_stm32h743xx.o(.text) referenced from startup_stm32h743xx.o(RESET)
 <LI><a href="#[47]">USART2_IRQHandler</a> from startup_stm32h743xx.o(.text) referenced from startup_stm32h743xx.o(RESET)
 <LI><a href="#[48]">USART3_IRQHandler</a> from startup_stm32h743xx.o(.text) referenced from startup_stm32h743xx.o(RESET)
 <LI><a href="#[63]">USART6_IRQHandler</a> from startup_stm32h743xx.o(.text) referenced from startup_stm32h743xx.o(RESET)
 <LI><a href="#[1c]">UsageFault_Handler</a> from lto-llvm-f18d01.o(.text.UsageFault_Handler) referenced from startup_stm32h743xx.o(RESET)
 <LI><a href="#[ab]">WAKEUP_PIN_IRQHandler</a> from startup_stm32h743xx.o(.text) referenced from startup_stm32h743xx.o(RESET)
 <LI><a href="#[21]">WWDG_IRQHandler</a> from startup_stm32h743xx.o(.text) referenced from startup_stm32h743xx.o(RESET)
 <LI><a href="#[ad]">__main</a> from __main.o(!!!main) referenced from startup_stm32h743xx.o(.text)
 <LI><a href="#[f7]">_lv_disp_refr_timer</a> from lto-llvm-f18d01.o(.text._lv_disp_refr_timer) referenced 2 times from lto-llvm-f18d01.o(.text.main)
 <LI><a href="#[db]">_lv_ll_get_head</a> from lto-llvm-f18d01.o(.text._lv_ll_get_head) referenced 2 times from lto-llvm-f18d01.o(.text.lv_group_focus_next)
 <LI><a href="#[db]">_lv_ll_get_head</a> from lto-llvm-f18d01.o(.text._lv_ll_get_head) referenced 4 times from lto-llvm-f18d01.o(.text.lv_indev_read_timer_cb)
 <LI><a href="#[db]">_lv_ll_get_head</a> from lto-llvm-f18d01.o(.text._lv_ll_get_head) referenced 2 times from lto-llvm-f18d01.o(.text.lv_obj_add_flag)
 <LI><a href="#[db]">_lv_ll_get_head</a> from lto-llvm-f18d01.o(.text._lv_ll_get_head) referenced 2 times from lto-llvm-f18d01.o(.text.lv_obj_destructor)
 <LI><a href="#[dc]">_lv_ll_get_next</a> from lto-llvm-f18d01.o(.text._lv_ll_get_next) referenced 2 times from lto-llvm-f18d01.o(.text.lv_group_focus_next)
 <LI><a href="#[dc]">_lv_ll_get_next</a> from lto-llvm-f18d01.o(.text._lv_ll_get_next) referenced 4 times from lto-llvm-f18d01.o(.text.lv_indev_read_timer_cb)
 <LI><a href="#[dc]">_lv_ll_get_next</a> from lto-llvm-f18d01.o(.text._lv_ll_get_next) referenced 2 times from lto-llvm-f18d01.o(.text.lv_obj_add_flag)
 <LI><a href="#[dc]">_lv_ll_get_next</a> from lto-llvm-f18d01.o(.text._lv_ll_get_next) referenced 2 times from lto-llvm-f18d01.o(.text.lv_obj_destructor)
 <LI><a href="#[de]">_lv_ll_get_prev</a> from lto-llvm-f18d01.o(.text._lv_ll_get_prev) referenced 2 times from lto-llvm-f18d01.o(.text.lv_group_focus_prev)
 <LI><a href="#[de]">_lv_ll_get_prev</a> from lto-llvm-f18d01.o(.text._lv_ll_get_prev) referenced 4 times from lto-llvm-f18d01.o(.text.lv_indev_read_timer_cb)
 <LI><a href="#[de]">_lv_ll_get_prev</a> from lto-llvm-f18d01.o(.text._lv_ll_get_prev) referenced 2 times from lto-llvm-f18d01.o(.text.lv_obj_destructor)
 <LI><a href="#[dd]">_lv_ll_get_tail</a> from lto-llvm-f18d01.o(.text._lv_ll_get_tail) referenced 2 times from lto-llvm-f18d01.o(.text.lv_group_focus_prev)
 <LI><a href="#[dd]">_lv_ll_get_tail</a> from lto-llvm-f18d01.o(.text._lv_ll_get_tail) referenced 4 times from lto-llvm-f18d01.o(.text.lv_indev_read_timer_cb)
 <LI><a href="#[dd]">_lv_ll_get_tail</a> from lto-llvm-f18d01.o(.text._lv_ll_get_tail) referenced 2 times from lto-llvm-f18d01.o(.text.lv_obj_destructor)
 <LI><a href="#[b1]">_out_buffer</a> from lto-llvm-f18d01.o(.text._out_buffer) referenced 4 times from lto-llvm-f18d01.o(.text._lv_txt_set_text_vfmt)
 <LI><a href="#[b1]">_out_buffer</a> from lto-llvm-f18d01.o(.text._out_buffer) referenced 2 times from lto-llvm-f18d01.o(.text.lv_snprintf)
 <LI><a href="#[b2]">_out_null</a> from lto-llvm-f18d01.o(.text._out_null) referenced 2 times from lto-llvm-f18d01.o(.text._vsnprintf)
 <LI><a href="#[af]">_printf_input_char</a> from _printf_char_common.o(.text) referenced from _printf_char_common.o(.text)
 <LI><a href="#[ae]">_sputc</a> from _sputc.o(.text) referenced from noretval__2sprintf.o(.text)
 <LI><a href="#[9]">ai_div_buffer_f32</a> from ai_math_helpers.o(i.ai_div_buffer_f32) referenced 14 times from lto-llvm-f18d01.o(.data)
 <LI><a href="#[8]">ai_div_f32</a> from ai_math_helpers.o(i.ai_div_f32) referenced 14 times from lto-llvm-f18d01.o(.data)
 <LI><a href="#[e]">ai_mul_buffer_f32</a> from ai_math_helpers.o(i.ai_mul_buffer_f32) referenced 14 times from lto-llvm-f18d01.o(.data)
 <LI><a href="#[d]">ai_mul_f32</a> from ai_math_helpers.o(i.ai_mul_f32) referenced 14 times from lto-llvm-f18d01.o(.data)
 <LI><a href="#[5]">ai_sum_buffer_f32</a> from ai_math_helpers.o(i.ai_sum_buffer_f32) referenced 44 times from lto-llvm-f18d01.o(.data)
 <LI><a href="#[4]">ai_sum_f32</a> from ai_math_helpers.o(i.ai_sum_f32) referenced 44 times from lto-llvm-f18d01.o(.data)
 <LI><a href="#[f6]">anim_timer</a> from lto-llvm-f18d01.o(.text.anim_timer) referenced 2 times from lto-llvm-f18d01.o(.text.main)
 <LI><a href="#[ec]">arc_anim_end_angle</a> from lto-llvm-f18d01.o(.text.arc_anim_end_angle) referenced 2 times from lto-llvm-f18d01.o(.text.lv_spinner_constructor)
 <LI><a href="#[ee]">arc_anim_start_angle</a> from lto-llvm-f18d01.o(.text.arc_anim_start_angle) referenced 2 times from lto-llvm-f18d01.o(.text.lv_spinner_constructor)
 <LI><a href="#[f1]">btns_value_changed_event_cb</a> from lto-llvm-f18d01.o(.text.btns_value_changed_event_cb) referenced 2 times from lto-llvm-f18d01.o(.text.lv_tabview_constructor)
 <LI><a href="#[10d]">color_blend_true_color_additive</a> from lto-llvm-f18d01.o(.text.color_blend_true_color_additive) referenced from lto-llvm-f18d01.o(.rodata)
 <LI><a href="#[10f]">color_blend_true_color_multiply</a> from lto-llvm-f18d01.o(.text.color_blend_true_color_multiply) referenced from lto-llvm-f18d01.o(.rodata)
 <LI><a href="#[10e]">color_blend_true_color_subtractive</a> from lto-llvm-f18d01.o(.text.color_blend_true_color_subtractive) referenced from lto-llvm-f18d01.o(.rodata)
 <LI><a href="#[f2]">cont_scroll_end_event_cb</a> from lto-llvm-f18d01.o(.text.cont_scroll_end_event_cb) referenced 2 times from lto-llvm-f18d01.o(.text.lv_tabview_constructor)
 <LI><a href="#[d0]">cursor_blink_anim_cb</a> from lto-llvm-f18d01.o(.text.cursor_blink_anim_cb) referenced 4 times from lto-llvm-f18d01.o(.text.label_event_cb)
 <LI><a href="#[d0]">cursor_blink_anim_cb</a> from lto-llvm-f18d01.o(.text.cursor_blink_anim_cb) referenced 4 times from lto-llvm-f18d01.o(.text.lv_textarea_constructor)
 <LI><a href="#[d0]">cursor_blink_anim_cb</a> from lto-llvm-f18d01.o(.text.cursor_blink_anim_cb) referenced 4 times from lto-llvm-f18d01.o(.text.lv_textarea_event)
 <LI><a href="#[d0]">cursor_blink_anim_cb</a> from lto-llvm-f18d01.o(.text.cursor_blink_anim_cb) referenced 4 times from lto-llvm-f18d01.o(.text.lv_textarea_set_cursor_pos)
 <LI><a href="#[10b]">dark_color_filter_cb</a> from lto-llvm-f18d01.o(.text.dark_color_filter_cb) referenced 2 times from lto-llvm-f18d01.o(.text.style_init)
 <LI><a href="#[f5]">disp_flush</a> from lto-llvm-f18d01.o(.text.disp_flush) referenced 2 times from lto-llvm-f18d01.o(.text.main)
 <LI><a href="#[d7]">draw_part_begin_event_cb</a> from lto-llvm-f18d01.o(.text.draw_part_begin_event_cb) referenced 2 times from lto-llvm-f18d01.o(.text.lv_calendar_constructor)
 <LI><a href="#[fc]">flex_update</a> from lto-llvm-f18d01.o(.text.flex_update) referenced 2 times from lto-llvm-f18d01.o(.text.main)
 <LI><a href="#[7]">forward_bn</a> from layers_norm_generic_float.o(i.forward_bn) referenced 32 times from lto-llvm-f18d01.o(.data)
 <LI><a href="#[11]">forward_concat</a> from layers_generic_float.o(i.forward_concat) referenced 10 times from lto-llvm-f18d01.o(.data)
 <LI><a href="#[2]">forward_conv2d_if32of32wf32</a> from layers_conv2d_generic_float.o(i.forward_conv2d_if32of32wf32) referenced 46 times from lto-llvm-f18d01.o(.data)
 <LI><a href="#[10]">forward_conv2d_if32of32wf32_group</a> from layers_conv2d_generic_float.o(i.forward_conv2d_if32of32wf32_group) referenced 8 times from lto-llvm-f18d01.o(.data)
 <LI><a href="#[a]">forward_conv2d_if32of32wf32_nl_pool</a> from layers_conv2d_generic_float.o(i.forward_conv2d_if32of32wf32_nl_pool) referenced 4 times from lto-llvm-f18d01.o(.data)
 <LI><a href="#[13]">forward_dense</a> from layers_conv2d_generic_float.o(i.forward_dense) referenced 6 times from lto-llvm-f18d01.o(.data)
 <LI><a href="#[6]">forward_dw_if32of32wf32</a> from layers_conv2d_generic_float.o(i.forward_dw_if32of32wf32) referenced 28 times from lto-llvm-f18d01.o(.data)
 <LI><a href="#[3]">forward_eltwise</a> from layers_generic_float.o(i.forward_eltwise) referenced 72 times from lto-llvm-f18d01.o(.data)
 <LI><a href="#[c]">forward_erf</a> from layers_nl_generic_float.o(i.forward_erf) referenced 14 times from lto-llvm-f18d01.o(.data)
 <LI><a href="#[16]">forward_log</a> from layers_nl_generic_float.o(i.forward_log) referenced 2 times from lto-llvm-f18d01.o(.data)
 <LI><a href="#[f]">forward_mp</a> from layers_pool_generic_float.o(i.forward_mp) referenced 2 times from lto-llvm-f18d01.o(.data)
 <LI><a href="#[1]">forward_relu</a> from layers_nl_generic_float.o(i.forward_relu) referenced 30 times from lto-llvm-f18d01.o(.data)
 <LI><a href="#[12]">forward_resize_if32of32</a> from layers_resize.o(i.forward_resize_if32of32) referenced 6 times from lto-llvm-f18d01.o(.data)
 <LI><a href="#[15]">forward_sm</a> from layers_nl_generic_float.o(i.forward_sm) referenced 2 times from lto-llvm-f18d01.o(.data)
 <LI><a href="#[14]">forward_tanh</a> from layers_nl_generic_float.o(i.forward_tanh) referenced 2 times from lto-llvm-f18d01.o(.data)
 <LI><a href="#[0]">forward_transpose</a> from layers_generic_float.o(i.forward_transpose) referenced 6 times from lto-llvm-f18d01.o(.data)
 <LI><a href="#[b0]">fputc</a> from lto-llvm-f18d01.o(.text.fputc) referenced from _printf_char_file.o(.text)
 <LI><a href="#[10c]">grey_filter_cb</a> from lto-llvm-f18d01.o(.text.grey_filter_cb) referenced 2 times from lto-llvm-f18d01.o(.text.style_init)
 <LI><a href="#[fd]">grid_update</a> from lto-llvm-f18d01.o(.text.grid_update) referenced 2 times from lto-llvm-f18d01.o(.text.main)
 <LI><a href="#[f3]">label_event_cb</a> from lto-llvm-f18d01.o(.text.label_event_cb) referenced 2 times from lto-llvm-f18d01.o(.text.lv_textarea_constructor)
 <LI><a href="#[ed]">lv_anim_path_ease_in_out</a> from lto-llvm-f18d01.o(.text.lv_anim_path_ease_in_out) referenced 2 times from lto-llvm-f18d01.o(.text.lv_spinner_constructor)
 <LI><a href="#[e4]">lv_anim_path_ease_out</a> from lto-llvm-f18d01.o(.text.lv_anim_path_ease_out) referenced 2 times from lto-llvm-f18d01.o(.text.lv_obj_scroll_by)
 <LI><a href="#[e4]">lv_anim_path_ease_out</a> from lto-llvm-f18d01.o(.text.lv_anim_path_ease_out) referenced 2 times from lto-llvm-f18d01.o(.text.refr_position)
 <LI><a href="#[d2]">lv_anim_path_linear</a> from lto-llvm-f18d01.o(.text.lv_anim_path_linear) referenced 2 times from lto-llvm-f18d01.o(.text.lv_anim_init)
 <LI><a href="#[d2]">lv_anim_path_linear</a> from lto-llvm-f18d01.o(.text.lv_anim_path_linear) referenced 2 times from lto-llvm-f18d01.o(.text.lv_bar_set_value_with_anim)
 <LI><a href="#[d2]">lv_anim_path_linear</a> from lto-llvm-f18d01.o(.text.lv_anim_path_linear) referenced 4 times from lto-llvm-f18d01.o(.text.lv_label_refr_text)
 <LI><a href="#[d2]">lv_anim_path_linear</a> from lto-llvm-f18d01.o(.text.lv_anim_path_linear) referenced 2 times from lto-llvm-f18d01.o(.text.lv_obj_scroll_by)
 <LI><a href="#[d2]">lv_anim_path_linear</a> from lto-llvm-f18d01.o(.text.lv_anim_path_linear) referenced 2 times from lto-llvm-f18d01.o(.text.lv_spinner_constructor)
 <LI><a href="#[d2]">lv_anim_path_linear</a> from lto-llvm-f18d01.o(.text.lv_anim_path_linear) referenced 2 times from lto-llvm-f18d01.o(.text.lv_switch_event)
 <LI><a href="#[d2]">lv_anim_path_linear</a> from lto-llvm-f18d01.o(.text.lv_anim_path_linear) referenced 2 times from lto-llvm-f18d01.o(.text.style_init)
 <LI><a href="#[d1]">lv_anim_path_step</a> from lto-llvm-f18d01.o(.text.lv_anim_path_step) referenced 2 times from lto-llvm-f18d01.o(.text.label_event_cb)
 <LI><a href="#[d1]">lv_anim_path_step</a> from lto-llvm-f18d01.o(.text.lv_anim_path_step) referenced 2 times from lto-llvm-f18d01.o(.text.lv_spinbox_updatevalue)
 <LI><a href="#[d1]">lv_anim_path_step</a> from lto-llvm-f18d01.o(.text.lv_anim_path_step) referenced 2 times from lto-llvm-f18d01.o(.text.lv_textarea_add_char)
 <LI><a href="#[d1]">lv_anim_path_step</a> from lto-llvm-f18d01.o(.text.lv_anim_path_step) referenced 2 times from lto-llvm-f18d01.o(.text.lv_textarea_add_text)
 <LI><a href="#[d1]">lv_anim_path_step</a> from lto-llvm-f18d01.o(.text.lv_anim_path_step) referenced 2 times from lto-llvm-f18d01.o(.text.lv_textarea_constructor)
 <LI><a href="#[d1]">lv_anim_path_step</a> from lto-llvm-f18d01.o(.text.lv_anim_path_step) referenced 2 times from lto-llvm-f18d01.o(.text.lv_textarea_event)
 <LI><a href="#[d1]">lv_anim_path_step</a> from lto-llvm-f18d01.o(.text.lv_anim_path_step) referenced 2 times from lto-llvm-f18d01.o(.text.lv_textarea_set_cursor_pos)
 <LI><a href="#[132]">lv_arc_constructor</a> from lto-llvm-f18d01.o(.text.lv_arc_constructor) referenced from lto-llvm-f18d01.o(.rodata)
 <LI><a href="#[133]">lv_arc_event</a> from lto-llvm-f18d01.o(.text.lv_arc_event) referenced from lto-llvm-f18d01.o(.rodata)
 <LI><a href="#[b6]">lv_area_get_height</a> from lto-llvm-f18d01.o(.text.lv_area_get_height) referenced 2 times from lto-llvm-f18d01.o(.text.children_repos)
 <LI><a href="#[d4]">lv_area_get_height.968</a> from lto-llvm-f18d01.o(.text.lv_area_get_height.968) referenced 4 times from lto-llvm-f18d01.o(.text.lv_bar_event)
 <LI><a href="#[b5]">lv_area_get_width</a> from lto-llvm-f18d01.o(.text.lv_area_get_width) referenced 2 times from lto-llvm-f18d01.o(.text.children_repos)
 <LI><a href="#[d3]">lv_area_get_width.967</a> from lto-llvm-f18d01.o(.text.lv_area_get_width.967) referenced 4 times from lto-llvm-f18d01.o(.text.lv_bar_event)
 <LI><a href="#[b3]">lv_area_set_height</a> from lto-llvm-f18d01.o(.text.lv_area_set_height) referenced 2 times from lto-llvm-f18d01.o(.text.children_repos)
 <LI><a href="#[b4]">lv_area_set_width</a> from lto-llvm-f18d01.o(.text.lv_area_set_width) referenced 2 times from lto-llvm-f18d01.o(.text.children_repos)
 <LI><a href="#[d5]">lv_bar_anim</a> from lto-llvm-f18d01.o(.text.lv_bar_anim) referenced 2 times from lto-llvm-f18d01.o(.text.lv_bar_set_value_with_anim)
 <LI><a href="#[d6]">lv_bar_anim_ready</a> from lto-llvm-f18d01.o(.text.lv_bar_anim_ready) referenced 2 times from lto-llvm-f18d01.o(.text.lv_bar_set_value_with_anim)
 <LI><a href="#[14e]">lv_bar_constructor</a> from lto-llvm-f18d01.o(.text.lv_bar_constructor) referenced from lto-llvm-f18d01.o(.rodata)
 <LI><a href="#[14f]">lv_bar_destructor</a> from lto-llvm-f18d01.o(.text.lv_bar_destructor) referenced from lto-llvm-f18d01.o(.rodata)
 <LI><a href="#[150]">lv_bar_event</a> from lto-llvm-f18d01.o(.text.lv_bar_event) referenced from lto-llvm-f18d01.o(.rodata)
 <LI><a href="#[134]">lv_btn_constructor</a> from lto-llvm-f18d01.o(.text.lv_btn_constructor) referenced from lto-llvm-f18d01.o(.rodata)
 <LI><a href="#[135]">lv_btnmatrix_constructor</a> from lto-llvm-f18d01.o(.text.lv_btnmatrix_constructor) referenced from lto-llvm-f18d01.o(.rodata)
 <LI><a href="#[136]">lv_btnmatrix_destructor</a> from lto-llvm-f18d01.o(.text.lv_btnmatrix_destructor) referenced from lto-llvm-f18d01.o(.rodata)
 <LI><a href="#[137]">lv_btnmatrix_event</a> from lto-llvm-f18d01.o(.text.lv_btnmatrix_event) referenced from lto-llvm-f18d01.o(.rodata)
 <LI><a href="#[110]">lv_calendar_constructor</a> from lto-llvm-f18d01.o(.text.lv_calendar_constructor) referenced from lto-llvm-f18d01.o(.rodata)
 <LI><a href="#[138]">lv_canvas_constructor</a> from lto-llvm-f18d01.o(.text.lv_canvas_constructor) referenced from lto-llvm-f18d01.o(.rodata)
 <LI><a href="#[139]">lv_canvas_destructor</a> from lto-llvm-f18d01.o(.text.lv_canvas_destructor) referenced from lto-llvm-f18d01.o(.rodata)
 <LI><a href="#[113]">lv_chart_constructor</a> from lto-llvm-f18d01.o(.text.lv_chart_constructor) referenced from lto-llvm-f18d01.o(.rodata)
 <LI><a href="#[114]">lv_chart_destructor</a> from lto-llvm-f18d01.o(.text.lv_chart_destructor) referenced from lto-llvm-f18d01.o(.rodata)
 <LI><a href="#[115]">lv_chart_event</a> from lto-llvm-f18d01.o(.text.lv_chart_event) referenced from lto-llvm-f18d01.o(.rodata)
 <LI><a href="#[13a]">lv_checkbox_constructor</a> from lto-llvm-f18d01.o(.text.lv_checkbox_constructor) referenced from lto-llvm-f18d01.o(.rodata)
 <LI><a href="#[13b]">lv_checkbox_destructor</a> from lto-llvm-f18d01.o(.text.lv_checkbox_destructor) referenced from lto-llvm-f18d01.o(.rodata)
 <LI><a href="#[13c]">lv_checkbox_event</a> from lto-llvm-f18d01.o(.text.lv_checkbox_event) referenced from lto-llvm-f18d01.o(.rodata)
 <LI><a href="#[116]">lv_colorwheel_constructor</a> from lto-llvm-f18d01.o(.text.lv_colorwheel_constructor) referenced from lto-llvm-f18d01.o(.rodata)
 <LI><a href="#[117]">lv_colorwheel_event</a> from lto-llvm-f18d01.o(.text.lv_colorwheel_event) referenced from lto-llvm-f18d01.o(.rodata)
 <LI><a href="#[118]">lv_dclock_constructor</a> from lto-llvm-f18d01.o(.text.lv_dclock_constructor) referenced from lto-llvm-f18d01.o(.rodata)
 <LI><a href="#[119]">lv_dclock_destructor</a> from lto-llvm-f18d01.o(.text.lv_dclock_destructor) referenced from lto-llvm-f18d01.o(.rodata)
 <LI><a href="#[11a]">lv_dclock_event</a> from lto-llvm-f18d01.o(.text.lv_dclock_event) referenced from lto-llvm-f18d01.o(.rodata)
 <LI><a href="#[da]">lv_draw_mask_angle</a> from lto-llvm-f18d01.o(.text.lv_draw_mask_angle) referenced 2 times from lto-llvm-f18d01.o(.text.lv_draw_sw_arc)
 <LI><a href="#[d8]">lv_draw_mask_line</a> from lto-llvm-f18d01.o(.text.lv_draw_mask_line) referenced 2 times from lto-llvm-f18d01.o(.text.lv_draw_mask_line_points_init)
 <LI><a href="#[d9]">lv_draw_mask_radius</a> from lto-llvm-f18d01.o(.text.lv_draw_mask_radius) referenced 2 times from lto-llvm-f18d01.o(.text.lv_draw_mask_radius_init)
 <LI><a href="#[bd]">lv_draw_sw_arc</a> from lto-llvm-f18d01.o(.text.lv_draw_sw_arc) referenced 2 times from lto-llvm-f18d01.o(.text.init_fake_disp)
 <LI><a href="#[bd]">lv_draw_sw_arc</a> from lto-llvm-f18d01.o(.text.lv_draw_sw_arc) referenced 2 times from lto-llvm-f18d01.o(.text.lv_draw_sw_init_ctx)
 <LI><a href="#[c3]">lv_draw_sw_bg</a> from lto-llvm-f18d01.o(.text.lv_draw_sw_bg) referenced 2 times from lto-llvm-f18d01.o(.text.init_fake_disp)
 <LI><a href="#[c3]">lv_draw_sw_bg</a> from lto-llvm-f18d01.o(.text.lv_draw_sw_bg) referenced 2 times from lto-llvm-f18d01.o(.text.lv_draw_sw_init_ctx)
 <LI><a href="#[c7]">lv_draw_sw_blend_basic</a> from lto-llvm-f18d01.o(.text.lv_draw_sw_blend_basic) referenced 2 times from lto-llvm-f18d01.o(.text.init_fake_disp)
 <LI><a href="#[c7]">lv_draw_sw_blend_basic</a> from lto-llvm-f18d01.o(.text.lv_draw_sw_blend_basic) referenced 2 times from lto-llvm-f18d01.o(.text.lv_draw_sw_init_ctx)
 <LI><a href="#[c5]">lv_draw_sw_buffer_copy</a> from lto-llvm-f18d01.o(.text.lv_draw_sw_buffer_copy) referenced 2 times from lto-llvm-f18d01.o(.text.init_fake_disp)
 <LI><a href="#[c5]">lv_draw_sw_buffer_copy</a> from lto-llvm-f18d01.o(.text.lv_draw_sw_buffer_copy) referenced 2 times from lto-llvm-f18d01.o(.text.lv_draw_sw_init_ctx)
 <LI><a href="#[be]">lv_draw_sw_img_decoded</a> from lto-llvm-f18d01.o(.text.lv_draw_sw_img_decoded) referenced 2 times from lto-llvm-f18d01.o(.text.init_fake_disp)
 <LI><a href="#[be]">lv_draw_sw_img_decoded</a> from lto-llvm-f18d01.o(.text.lv_draw_sw_img_decoded) referenced 2 times from lto-llvm-f18d01.o(.text.lv_draw_sw_init_ctx)
 <LI><a href="#[bb]">lv_draw_sw_init_ctx</a> from lto-llvm-f18d01.o(.text.lv_draw_sw_init_ctx) referenced 2 times from lto-llvm-f18d01.o(.text.init_fake_disp)
 <LI><a href="#[bb]">lv_draw_sw_init_ctx</a> from lto-llvm-f18d01.o(.text.lv_draw_sw_init_ctx) referenced 2 times from lto-llvm-f18d01.o(.text.main)
 <LI><a href="#[c8]">lv_draw_sw_layer_adjust</a> from lto-llvm-f18d01.o(.text.lv_draw_sw_layer_adjust) referenced 2 times from lto-llvm-f18d01.o(.text.init_fake_disp)
 <LI><a href="#[c8]">lv_draw_sw_layer_adjust</a> from lto-llvm-f18d01.o(.text.lv_draw_sw_layer_adjust) referenced 2 times from lto-llvm-f18d01.o(.text.lv_draw_sw_init_ctx)
 <LI><a href="#[c9]">lv_draw_sw_layer_blend</a> from lto-llvm-f18d01.o(.text.lv_draw_sw_layer_blend) referenced 2 times from lto-llvm-f18d01.o(.text.init_fake_disp)
 <LI><a href="#[c9]">lv_draw_sw_layer_blend</a> from lto-llvm-f18d01.o(.text.lv_draw_sw_layer_blend) referenced 2 times from lto-llvm-f18d01.o(.text.lv_draw_sw_init_ctx)
 <LI><a href="#[c6]">lv_draw_sw_layer_create</a> from lto-llvm-f18d01.o(.text.lv_draw_sw_layer_create) referenced 2 times from lto-llvm-f18d01.o(.text.init_fake_disp)
 <LI><a href="#[c6]">lv_draw_sw_layer_create</a> from lto-llvm-f18d01.o(.text.lv_draw_sw_layer_create) referenced 2 times from lto-llvm-f18d01.o(.text.lv_draw_sw_init_ctx)
 <LI><a href="#[ca]">lv_draw_sw_layer_destroy</a> from lto-llvm-f18d01.o(.text.lv_draw_sw_layer_destroy) referenced 2 times from lto-llvm-f18d01.o(.text.init_fake_disp)
 <LI><a href="#[ca]">lv_draw_sw_layer_destroy</a> from lto-llvm-f18d01.o(.text.lv_draw_sw_layer_destroy) referenced 2 times from lto-llvm-f18d01.o(.text.lv_draw_sw_init_ctx)
 <LI><a href="#[bf]">lv_draw_sw_letter</a> from lto-llvm-f18d01.o(.text.lv_draw_sw_letter) referenced 2 times from lto-llvm-f18d01.o(.text.init_fake_disp)
 <LI><a href="#[bf]">lv_draw_sw_letter</a> from lto-llvm-f18d01.o(.text.lv_draw_sw_letter) referenced 2 times from lto-llvm-f18d01.o(.text.lv_draw_sw_init_ctx)
 <LI><a href="#[c0]">lv_draw_sw_line</a> from lto-llvm-f18d01.o(.text.lv_draw_sw_line) referenced 2 times from lto-llvm-f18d01.o(.text.init_fake_disp)
 <LI><a href="#[c0]">lv_draw_sw_line</a> from lto-llvm-f18d01.o(.text.lv_draw_sw_line) referenced 2 times from lto-llvm-f18d01.o(.text.lv_draw_sw_init_ctx)
 <LI><a href="#[c1]">lv_draw_sw_polygon</a> from lto-llvm-f18d01.o(.text.lv_draw_sw_polygon) referenced 2 times from lto-llvm-f18d01.o(.text.init_fake_disp)
 <LI><a href="#[c1]">lv_draw_sw_polygon</a> from lto-llvm-f18d01.o(.text.lv_draw_sw_polygon) referenced 2 times from lto-llvm-f18d01.o(.text.lv_draw_sw_init_ctx)
 <LI><a href="#[bc]">lv_draw_sw_rect</a> from lto-llvm-f18d01.o(.text.lv_draw_sw_rect) referenced 2 times from lto-llvm-f18d01.o(.text.init_fake_disp)
 <LI><a href="#[bc]">lv_draw_sw_rect</a> from lto-llvm-f18d01.o(.text.lv_draw_sw_rect) referenced 2 times from lto-llvm-f18d01.o(.text.lv_draw_sw_init_ctx)
 <LI><a href="#[c2]">lv_draw_sw_transform</a> from lto-llvm-f18d01.o(.text.lv_draw_sw_transform) referenced 2 times from lto-llvm-f18d01.o(.text.init_fake_disp)
 <LI><a href="#[c2]">lv_draw_sw_transform</a> from lto-llvm-f18d01.o(.text.lv_draw_sw_transform) referenced 2 times from lto-llvm-f18d01.o(.text.lv_draw_sw_init_ctx)
 <LI><a href="#[c4]">lv_draw_sw_wait_for_finish</a> from lto-llvm-f18d01.o(.text.lv_draw_sw_wait_for_finish) referenced 2 times from lto-llvm-f18d01.o(.text.init_fake_disp)
 <LI><a href="#[c4]">lv_draw_sw_wait_for_finish</a> from lto-llvm-f18d01.o(.text.lv_draw_sw_wait_for_finish) referenced 2 times from lto-llvm-f18d01.o(.text.lv_draw_sw_init_ctx)
 <LI><a href="#[13d]">lv_dropdown_constructor</a> from lto-llvm-f18d01.o(.text.lv_dropdown_constructor) referenced from lto-llvm-f18d01.o(.rodata)
 <LI><a href="#[13e]">lv_dropdown_destructor</a> from lto-llvm-f18d01.o(.text.lv_dropdown_destructor) referenced from lto-llvm-f18d01.o(.rodata)
 <LI><a href="#[13f]">lv_dropdown_event</a> from lto-llvm-f18d01.o(.text.lv_dropdown_event) referenced from lto-llvm-f18d01.o(.rodata)
 <LI><a href="#[142]">lv_dropdown_list_event</a> from lto-llvm-f18d01.o(.text.lv_dropdown_list_event) referenced from lto-llvm-f18d01.o(.rodata)
 <LI><a href="#[140]">lv_dropdownlist_constructor</a> from lto-llvm-f18d01.o(.text.lv_dropdownlist_constructor) referenced from lto-llvm-f18d01.o(.rodata)
 <LI><a href="#[141]">lv_dropdownlist_destructor</a> from lto-llvm-f18d01.o(.text.lv_dropdownlist_destructor) referenced from lto-llvm-f18d01.o(.rodata)
 <LI><a href="#[131]">lv_font_get_bitmap_fmt_txt</a> from lto-llvm-f18d01.o(.text.lv_font_get_bitmap_fmt_txt) referenced 7 times from lto-llvm-f18d01.o(.rodata)
 <LI><a href="#[130]">lv_font_get_glyph_dsc_fmt_txt</a> from lto-llvm-f18d01.o(.text.lv_font_get_glyph_dsc_fmt_txt) referenced 7 times from lto-llvm-f18d01.o(.rodata)
 <LI><a href="#[143]">lv_img_constructor</a> from lto-llvm-f18d01.o(.text.lv_img_constructor) referenced from lto-llvm-f18d01.o(.rodata)
 <LI><a href="#[fb]">lv_img_decoder_built_in_close</a> from lto-llvm-f18d01.o(.text.lv_img_decoder_built_in_close) referenced 2 times from lto-llvm-f18d01.o(.text.main)
 <LI><a href="#[f8]">lv_img_decoder_built_in_info</a> from lto-llvm-f18d01.o(.text.lv_img_decoder_built_in_info) referenced 2 times from lto-llvm-f18d01.o(.text.main)
 <LI><a href="#[f9]">lv_img_decoder_built_in_open</a> from lto-llvm-f18d01.o(.text.lv_img_decoder_built_in_open) referenced 2 times from lto-llvm-f18d01.o(.text.main)
 <LI><a href="#[fa]">lv_img_decoder_built_in_read_line</a> from lto-llvm-f18d01.o(.text.lv_img_decoder_built_in_read_line) referenced 2 times from lto-llvm-f18d01.o(.text.main)
 <LI><a href="#[144]">lv_img_destructor</a> from lto-llvm-f18d01.o(.text.lv_img_destructor) referenced from lto-llvm-f18d01.o(.rodata)
 <LI><a href="#[145]">lv_img_event</a> from lto-llvm-f18d01.o(.text.lv_img_event) referenced from lto-llvm-f18d01.o(.rodata)
 <LI><a href="#[100]">lv_indev_read_timer_cb</a> from lto-llvm-f18d01.o(.text.lv_indev_read_timer_cb) referenced 2 times from lto-llvm-f18d01.o(.text.main)
 <LI><a href="#[11b]">lv_keyboard_constructor</a> from lto-llvm-f18d01.o(.text.lv_keyboard_constructor) referenced from lto-llvm-f18d01.o(.rodata)
 <LI><a href="#[df]">lv_keyboard_def_event_cb</a> from lto-llvm-f18d01.o(.text.lv_keyboard_def_event_cb) referenced 2 times from lto-llvm-f18d01.o(.text.lv_keyboard_constructor)
 <LI><a href="#[14a]">lv_label_constructor</a> from lto-llvm-f18d01.o(.text.lv_label_constructor) referenced from lto-llvm-f18d01.o(.rodata)
 <LI><a href="#[14b]">lv_label_destructor</a> from lto-llvm-f18d01.o(.text.lv_label_destructor) referenced from lto-llvm-f18d01.o(.rodata)
 <LI><a href="#[14c]">lv_label_event</a> from lto-llvm-f18d01.o(.text.lv_label_event) referenced from lto-llvm-f18d01.o(.rodata)
 <LI><a href="#[11c]">lv_led_constructor</a> from lto-llvm-f18d01.o(.text.lv_led_constructor) referenced from lto-llvm-f18d01.o(.rodata)
 <LI><a href="#[11d]">lv_led_event</a> from lto-llvm-f18d01.o(.text.lv_led_event) referenced from lto-llvm-f18d01.o(.rodata)
 <LI><a href="#[146]">lv_line_constructor</a> from lto-llvm-f18d01.o(.text.lv_line_constructor) referenced from lto-llvm-f18d01.o(.rodata)
 <LI><a href="#[147]">lv_line_event</a> from lto-llvm-f18d01.o(.text.lv_line_event) referenced from lto-llvm-f18d01.o(.rodata)
 <LI><a href="#[e2]">lv_menu_back_event_cb</a> from lto-llvm-f18d01.o(.text.lv_menu_back_event_cb) referenced 2 times from lto-llvm-f18d01.o(.text.lv_menu_constructor)
 <LI><a href="#[11e]">lv_menu_constructor</a> from lto-llvm-f18d01.o(.text.lv_menu_constructor) referenced from lto-llvm-f18d01.o(.rodata)
 <LI><a href="#[122]">lv_menu_cont_constructor</a> from lto-llvm-f18d01.o(.text.lv_menu_cont_constructor) referenced from lto-llvm-f18d01.o(.rodata)
 <LI><a href="#[11f]">lv_menu_destructor</a> from lto-llvm-f18d01.o(.text.lv_menu_destructor) referenced from lto-llvm-f18d01.o(.rodata)
 <LI><a href="#[120]">lv_menu_page_constructor</a> from lto-llvm-f18d01.o(.text.lv_menu_page_constructor) referenced from lto-llvm-f18d01.o(.rodata)
 <LI><a href="#[121]">lv_menu_page_destructor</a> from lto-llvm-f18d01.o(.text.lv_menu_page_destructor) referenced from lto-llvm-f18d01.o(.rodata)
 <LI><a href="#[123]">lv_menu_section_constructor</a> from lto-llvm-f18d01.o(.text.lv_menu_section_constructor) referenced from lto-llvm-f18d01.o(.rodata)
 <LI><a href="#[e3]">lv_menu_value_changed_event_cb</a> from lto-llvm-f18d01.o(.text.lv_menu_value_changed_event_cb) referenced 2 times from lto-llvm-f18d01.o(.text.lv_menu_constructor)
 <LI><a href="#[124]">lv_meter_constructor</a> from lto-llvm-f18d01.o(.text.lv_meter_constructor) referenced from lto-llvm-f18d01.o(.rodata)
 <LI><a href="#[125]">lv_meter_destructor</a> from lto-llvm-f18d01.o(.text.lv_meter_destructor) referenced from lto-llvm-f18d01.o(.rodata)
 <LI><a href="#[126]">lv_meter_event</a> from lto-llvm-f18d01.o(.text.lv_meter_event) referenced from lto-llvm-f18d01.o(.rodata)
 <LI><a href="#[15c]">lv_obj_constructor</a> from lto-llvm-f18d01.o(.text.lv_obj_constructor) referenced from lto-llvm-f18d01.o(.rodata)
 <LI><a href="#[15d]">lv_obj_destructor</a> from lto-llvm-f18d01.o(.text.lv_obj_destructor) referenced from lto-llvm-f18d01.o(.rodata)
 <LI><a href="#[15e]">lv_obj_event</a> from lto-llvm-f18d01.o(.text.lv_obj_event) referenced from lto-llvm-f18d01.o(.rodata)
 <LI><a href="#[ba]">lv_obj_get_height</a> from lto-llvm-f18d01.o(.text.lv_obj_get_height) referenced 2 times from lto-llvm-f18d01.o(.text.find_track_end)
 <LI><a href="#[b9]">lv_obj_get_width</a> from lto-llvm-f18d01.o(.text.lv_obj_get_width) referenced 2 times from lto-llvm-f18d01.o(.text.find_track_end)
 <LI><a href="#[15f]">lv_radiobtn_constructor</a> from lto-llvm-f18d01.o(.text.lv_radiobtn_constructor) referenced from lto-llvm-f18d01.o(.rodata)
 <LI><a href="#[160]">lv_radiobtn_event</a> from lto-llvm-f18d01.o(.text.lv_radiobtn_event) referenced from lto-llvm-f18d01.o(.rodata)
 <LI><a href="#[161]">lv_radiobtn_item_constructor</a> from lto-llvm-f18d01.o(.text.lv_radiobtn_item_constructor) referenced from lto-llvm-f18d01.o(.rodata)
 <LI><a href="#[162]">lv_radiobtn_item_destructor</a> from lto-llvm-f18d01.o(.text.lv_radiobtn_item_destructor) referenced from lto-llvm-f18d01.o(.rodata)
 <LI><a href="#[163]">lv_radiobtn_item_event</a> from lto-llvm-f18d01.o(.text.lv_radiobtn_item_event) referenced from lto-llvm-f18d01.o(.rodata)
 <LI><a href="#[148]">lv_roller_constructor</a> from lto-llvm-f18d01.o(.text.lv_roller_constructor) referenced from lto-llvm-f18d01.o(.rodata)
 <LI><a href="#[149]">lv_roller_event</a> from lto-llvm-f18d01.o(.text.lv_roller_event) referenced from lto-llvm-f18d01.o(.rodata)
 <LI><a href="#[14d]">lv_roller_label_event</a> from lto-llvm-f18d01.o(.text.lv_roller_label_event) referenced from lto-llvm-f18d01.o(.rodata)
 <LI><a href="#[151]">lv_slider_constructor</a> from lto-llvm-f18d01.o(.text.lv_slider_constructor) referenced from lto-llvm-f18d01.o(.rodata)
 <LI><a href="#[152]">lv_slider_event</a> from lto-llvm-f18d01.o(.text.lv_slider_event) referenced from lto-llvm-f18d01.o(.rodata)
 <LI><a href="#[127]">lv_spinbox_constructor</a> from lto-llvm-f18d01.o(.text.lv_spinbox_constructor) referenced from lto-llvm-f18d01.o(.rodata)
 <LI><a href="#[128]">lv_spinbox_event</a> from lto-llvm-f18d01.o(.text.lv_spinbox_event) referenced from lto-llvm-f18d01.o(.rodata)
 <LI><a href="#[129]">lv_spinner_constructor</a> from lto-llvm-f18d01.o(.text.lv_spinner_constructor) referenced from lto-llvm-f18d01.o(.rodata)
 <LI><a href="#[ef]">lv_switch_anim_exec_cb</a> from lto-llvm-f18d01.o(.text.lv_switch_anim_exec_cb) referenced 2 times from lto-llvm-f18d01.o(.text.lv_switch_event)
 <LI><a href="#[f0]">lv_switch_anim_ready</a> from lto-llvm-f18d01.o(.text.lv_switch_anim_ready) referenced 2 times from lto-llvm-f18d01.o(.text.lv_switch_event)
 <LI><a href="#[153]">lv_switch_constructor</a> from lto-llvm-f18d01.o(.text.lv_switch_constructor) referenced from lto-llvm-f18d01.o(.rodata)
 <LI><a href="#[154]">lv_switch_destructor</a> from lto-llvm-f18d01.o(.text.lv_switch_destructor) referenced from lto-llvm-f18d01.o(.rodata)
 <LI><a href="#[155]">lv_switch_event</a> from lto-llvm-f18d01.o(.text.lv_switch_event) referenced from lto-llvm-f18d01.o(.rodata)
 <LI><a href="#[156]">lv_table_constructor</a> from lto-llvm-f18d01.o(.text.lv_table_constructor) referenced from lto-llvm-f18d01.o(.rodata)
 <LI><a href="#[157]">lv_table_destructor</a> from lto-llvm-f18d01.o(.text.lv_table_destructor) referenced from lto-llvm-f18d01.o(.rodata)
 <LI><a href="#[158]">lv_table_event</a> from lto-llvm-f18d01.o(.text.lv_table_event) referenced from lto-llvm-f18d01.o(.rodata)
 <LI><a href="#[12a]">lv_tabview_constructor</a> from lto-llvm-f18d01.o(.text.lv_tabview_constructor) referenced from lto-llvm-f18d01.o(.rodata)
 <LI><a href="#[12b]">lv_tabview_destructor</a> from lto-llvm-f18d01.o(.text.lv_tabview_destructor) referenced from lto-llvm-f18d01.o(.rodata)
 <LI><a href="#[12c]">lv_tabview_event</a> from lto-llvm-f18d01.o(.text.lv_tabview_event) referenced from lto-llvm-f18d01.o(.rodata)
 <LI><a href="#[159]">lv_textarea_constructor</a> from lto-llvm-f18d01.o(.text.lv_textarea_constructor) referenced from lto-llvm-f18d01.o(.rodata)
 <LI><a href="#[15a]">lv_textarea_destructor</a> from lto-llvm-f18d01.o(.text.lv_textarea_destructor) referenced from lto-llvm-f18d01.o(.rodata)
 <LI><a href="#[15b]">lv_textarea_event</a> from lto-llvm-f18d01.o(.text.lv_textarea_event) referenced from lto-llvm-f18d01.o(.rodata)
 <LI><a href="#[12d]">lv_tileview_constructor</a> from lto-llvm-f18d01.o(.text.lv_tileview_constructor) referenced from lto-llvm-f18d01.o(.rodata)
 <LI><a href="#[12e]">lv_tileview_tile_constructor</a> from lto-llvm-f18d01.o(.text.lv_tileview_tile_constructor) referenced from lto-llvm-f18d01.o(.rodata)
 <LI><a href="#[12f]">lv_win_constructor</a> from lto-llvm-f18d01.o(.text.lv_win_constructor) referenced from lto-llvm-f18d01.o(.rodata)
 <LI><a href="#[101]">month_event_cb</a> from lto-llvm-f18d01.o(.text.month_event_cb) referenced 2 times from lto-llvm-f18d01.o(.text.my_constructor)
 <LI><a href="#[104]">month_event_cb.472</a> from lto-llvm-f18d01.o(.text.month_event_cb.472) referenced 2 times from lto-llvm-f18d01.o(.text.my_constructor.469)
 <LI><a href="#[111]">my_constructor</a> from lto-llvm-f18d01.o(.text.my_constructor) referenced from lto-llvm-f18d01.o(.rodata)
 <LI><a href="#[112]">my_constructor.469</a> from lto-llvm-f18d01.o(.text.my_constructor.469) referenced from lto-llvm-f18d01.o(.rodata)
 <LI><a href="#[b]">pool_func_mp_array_f32</a> from forward_lite_pool_f32.o(i.pool_func_mp_array_f32) referenced 4 times from lto-llvm-f18d01.o(.data)
 <LI><a href="#[ea]">pwd_char_hider_anim</a> from lto-llvm-f18d01.o(.text.pwd_char_hider_anim) referenced 2 times from lto-llvm-f18d01.o(.text.lv_spinbox_updatevalue)
 <LI><a href="#[ea]">pwd_char_hider_anim</a> from lto-llvm-f18d01.o(.text.pwd_char_hider_anim) referenced 2 times from lto-llvm-f18d01.o(.text.lv_textarea_add_char)
 <LI><a href="#[ea]">pwd_char_hider_anim</a> from lto-llvm-f18d01.o(.text.pwd_char_hider_anim) referenced 2 times from lto-llvm-f18d01.o(.text.lv_textarea_add_text)
 <LI><a href="#[eb]">pwd_char_hider_anim_ready</a> from lto-llvm-f18d01.o(.text.pwd_char_hider_anim_ready) referenced 2 times from lto-llvm-f18d01.o(.text.lv_spinbox_updatevalue)
 <LI><a href="#[eb]">pwd_char_hider_anim_ready</a> from lto-llvm-f18d01.o(.text.pwd_char_hider_anim_ready) referenced 2 times from lto-llvm-f18d01.o(.text.lv_textarea_add_char)
 <LI><a href="#[eb]">pwd_char_hider_anim_ready</a> from lto-llvm-f18d01.o(.text.pwd_char_hider_anim_ready) referenced 2 times from lto-llvm-f18d01.o(.text.lv_textarea_add_text)
 <LI><a href="#[109]">screen_btn_1_event_handler</a> from lto-llvm-f18d01.o(.text.screen_btn_1_event_handler) referenced 2 times from lto-llvm-f18d01.o(.text.setup_scr_screen)
 <LI><a href="#[108]">screen_canvas_1_event_handler</a> from lto-llvm-f18d01.o(.text.screen_canvas_1_event_handler) referenced 2 times from lto-llvm-f18d01.o(.text.setup_scr_screen)
 <LI><a href="#[107]">screen_digital_clock_1_timer</a> from lto-llvm-f18d01.o(.text.screen_digital_clock_1_timer) referenced 2 times from lto-llvm-f18d01.o(.text.setup_scr_screen)
 <LI><a href="#[10a]">screen_msgbox_event_handler</a> from lto-llvm-f18d01.o(.text.screen_msgbox_event_handler) referenced 2 times from lto-llvm-f18d01.o(.text.setup_scr_screen)
 <LI><a href="#[e5]">scroll_anim_ready_cb</a> from lto-llvm-f18d01.o(.text.scroll_anim_ready_cb) referenced 2 times from lto-llvm-f18d01.o(.text.lv_obj_scroll_by)
 <LI><a href="#[106]">scroll_anim_ready_cb.1066</a> from lto-llvm-f18d01.o(.text.scroll_anim_ready_cb.1066) referenced 2 times from lto-llvm-f18d01.o(.text.refr_position)
 <LI><a href="#[b7]">scroll_x_anim</a> from lto-llvm-f18d01.o(.text.scroll_x_anim) referenced 2 times from lto-llvm-f18d01.o(.text.cont_scroll_end_event_cb)
 <LI><a href="#[b7]">scroll_x_anim</a> from lto-llvm-f18d01.o(.text.scroll_x_anim) referenced 2 times from lto-llvm-f18d01.o(.text.lv_obj_event)
 <LI><a href="#[b7]">scroll_x_anim</a> from lto-llvm-f18d01.o(.text.scroll_x_anim) referenced 4 times from lto-llvm-f18d01.o(.text.lv_obj_refr_size)
 <LI><a href="#[b7]">scroll_x_anim</a> from lto-llvm-f18d01.o(.text.scroll_x_anim) referenced 4 times from lto-llvm-f18d01.o(.text.lv_obj_scroll_by)
 <LI><a href="#[b7]">scroll_x_anim</a> from lto-llvm-f18d01.o(.text.scroll_x_anim) referenced 2 times from lto-llvm-f18d01.o(.text.lv_obj_scroll_to_x)
 <LI><a href="#[b7]">scroll_x_anim</a> from lto-llvm-f18d01.o(.text.scroll_x_anim) referenced 2 times from lto-llvm-f18d01.o(.text.lv_spinbox_constructor)
 <LI><a href="#[b7]">scroll_x_anim</a> from lto-llvm-f18d01.o(.text.scroll_x_anim) referenced 2 times from lto-llvm-f18d01.o(.text.lv_tabview_set_act)
 <LI><a href="#[b7]">scroll_x_anim</a> from lto-llvm-f18d01.o(.text.scroll_x_anim) referenced 4 times from lto-llvm-f18d01.o(.text.lv_textarea_set_cursor_pos)
 <LI><a href="#[b7]">scroll_x_anim</a> from lto-llvm-f18d01.o(.text.scroll_x_anim) referenced 2 times from lto-llvm-f18d01.o(.text.tileview_event_cb)
 <LI><a href="#[b8]">scroll_y_anim</a> from lto-llvm-f18d01.o(.text.scroll_y_anim) referenced 2 times from lto-llvm-f18d01.o(.text.cont_scroll_end_event_cb)
 <LI><a href="#[b8]">scroll_y_anim</a> from lto-llvm-f18d01.o(.text.scroll_y_anim) referenced 2 times from lto-llvm-f18d01.o(.text.lv_obj_event)
 <LI><a href="#[b8]">scroll_y_anim</a> from lto-llvm-f18d01.o(.text.scroll_y_anim) referenced 4 times from lto-llvm-f18d01.o(.text.lv_obj_refr_size)
 <LI><a href="#[b8]">scroll_y_anim</a> from lto-llvm-f18d01.o(.text.scroll_y_anim) referenced 4 times from lto-llvm-f18d01.o(.text.lv_obj_scroll_by)
 <LI><a href="#[b8]">scroll_y_anim</a> from lto-llvm-f18d01.o(.text.scroll_y_anim) referenced 2 times from lto-llvm-f18d01.o(.text.lv_obj_scroll_to_y)
 <LI><a href="#[b8]">scroll_y_anim</a> from lto-llvm-f18d01.o(.text.scroll_y_anim) referenced 2 times from lto-llvm-f18d01.o(.text.lv_spinbox_constructor)
 <LI><a href="#[b8]">scroll_y_anim</a> from lto-llvm-f18d01.o(.text.scroll_y_anim) referenced 2 times from lto-llvm-f18d01.o(.text.lv_tabview_set_act)
 <LI><a href="#[b8]">scroll_y_anim</a> from lto-llvm-f18d01.o(.text.scroll_y_anim) referenced 4 times from lto-llvm-f18d01.o(.text.lv_textarea_set_cursor_pos)
 <LI><a href="#[b8]">scroll_y_anim</a> from lto-llvm-f18d01.o(.text.scroll_y_anim) referenced 2 times from lto-llvm-f18d01.o(.text.position_to_selected)
 <LI><a href="#[b8]">scroll_y_anim</a> from lto-llvm-f18d01.o(.text.scroll_y_anim) referenced 2 times from lto-llvm-f18d01.o(.text.tileview_event_cb)
 <LI><a href="#[e0]">set_ofs_x_anim</a> from lto-llvm-f18d01.o(.text.set_ofs_x_anim) referenced 8 times from lto-llvm-f18d01.o(.text.lv_label_refr_text)
 <LI><a href="#[e0]">set_ofs_x_anim</a> from lto-llvm-f18d01.o(.text.set_ofs_x_anim) referenced 2 times from lto-llvm-f18d01.o(.text.lv_label_set_long_mode)
 <LI><a href="#[e1]">set_ofs_y_anim</a> from lto-llvm-f18d01.o(.text.set_ofs_y_anim) referenced 6 times from lto-llvm-f18d01.o(.text.lv_label_refr_text)
 <LI><a href="#[e1]">set_ofs_y_anim</a> from lto-llvm-f18d01.o(.text.set_ofs_y_anim) referenced 2 times from lto-llvm-f18d01.o(.text.lv_label_set_long_mode)
 <LI><a href="#[cc]">set_px_cb_alpha1</a> from lto-llvm-f18d01.o(.text.set_px_cb_alpha1) referenced from lto-llvm-f18d01.o(.text.init_fake_disp)
 <LI><a href="#[cd]">set_px_cb_alpha2</a> from lto-llvm-f18d01.o(.text.set_px_cb_alpha2) referenced from lto-llvm-f18d01.o(.text.init_fake_disp)
 <LI><a href="#[ce]">set_px_cb_alpha4</a> from lto-llvm-f18d01.o(.text.set_px_cb_alpha4) referenced from lto-llvm-f18d01.o(.text.init_fake_disp)
 <LI><a href="#[cf]">set_px_cb_alpha8</a> from lto-llvm-f18d01.o(.text.set_px_cb_alpha8) referenced from lto-llvm-f18d01.o(.text.init_fake_disp)
 <LI><a href="#[cb]">set_px_true_color_alpha</a> from lto-llvm-f18d01.o(.text.set_px_true_color_alpha) referenced from lto-llvm-f18d01.o(.text.init_fake_disp)
 <LI><a href="#[e9]">set_y_anim.1065</a> from lto-llvm-f18d01.o(.text.set_y_anim.1065) referenced 2 times from lto-llvm-f18d01.o(.text.lv_roller_event)
 <LI><a href="#[e9]">set_y_anim.1065</a> from lto-llvm-f18d01.o(.text.set_y_anim.1065) referenced 4 times from lto-llvm-f18d01.o(.text.refr_position)
 <LI><a href="#[fe]">theme_apply.432</a> from lto-llvm-f18d01.o(.text.theme_apply.432) referenced 2 times from lto-llvm-f18d01.o(.text.main)
 <LI><a href="#[f4]">tileview_event_cb</a> from lto-llvm-f18d01.o(.text.tileview_event_cb) referenced 2 times from lto-llvm-f18d01.o(.text.lv_tileview_constructor)
 <LI><a href="#[ff]">touchpad_read</a> from lto-llvm-f18d01.o(.text.touchpad_read) referenced 2 times from lto-llvm-f18d01.o(.text.main)
 <LI><a href="#[e6]">trans_anim_cb</a> from lto-llvm-f18d01.o(.text.trans_anim_cb) referenced 2 times from lto-llvm-f18d01.o(.text.lv_obj_set_state)
 <LI><a href="#[e8]">trans_anim_ready_cb</a> from lto-llvm-f18d01.o(.text.trans_anim_ready_cb) referenced 2 times from lto-llvm-f18d01.o(.text.lv_obj_set_state)
 <LI><a href="#[e7]">trans_anim_start_cb</a> from lto-llvm-f18d01.o(.text.trans_anim_start_cb) referenced 2 times from lto-llvm-f18d01.o(.text.lv_obj_set_state)
 <LI><a href="#[102]">value_changed_event_cb</a> from lto-llvm-f18d01.o(.text.value_changed_event_cb) referenced 2 times from lto-llvm-f18d01.o(.text.my_constructor)
 <LI><a href="#[105]">value_changed_event_cb.473</a> from lto-llvm-f18d01.o(.text.value_changed_event_cb.473) referenced 2 times from lto-llvm-f18d01.o(.text.my_constructor.469)
 <LI><a href="#[103]">year_event_cb</a> from lto-llvm-f18d01.o(.text.year_event_cb) referenced 2 times from lto-llvm-f18d01.o(.text.my_constructor.469)
</UL>
<P>
<H3>
Global Symbols
</H3>
<P><STRONG><a name="[ad]"></a>__main</STRONG> (Thumb, 8 bytes, Stack size 0 bytes, __main.o(!!!main))
<BR><BR>[Calls]<UL><LI><a href="#[165]">&gt;&gt;</a>&nbsp;&nbsp;&nbsp;__rt_entry
<LI><a href="#[164]">&gt;&gt;</a>&nbsp;&nbsp;&nbsp;__scatterload
</UL>
<BR>[Address Reference Count : 1]<UL><LI> startup_stm32h743xx.o(.text)
</UL>
<P><STRONG><a name="[164]"></a>__scatterload</STRONG> (Thumb, 0 bytes, Stack size unknown bytes, __scatter.o(!!!scatter))
<BR><BR>[Called By]<UL><LI><a href="#[ad]">&gt;&gt;</a>&nbsp;&nbsp;&nbsp;__main
</UL>

<P><STRONG><a name="[166]"></a>__scatterload_rt2</STRONG> (Thumb, 44 bytes, Stack size unknown bytes, __scatter.o(!!!scatter), UNUSED)
<BR><BR>[Calls]<UL><LI><a href="#[165]">&gt;&gt;</a>&nbsp;&nbsp;&nbsp;__rt_entry
</UL>

<P><STRONG><a name="[312]"></a>__scatterload_rt2_thumb_only</STRONG> (Thumb, 0 bytes, Stack size unknown bytes, __scatter.o(!!!scatter), UNUSED)

<P><STRONG><a name="[313]"></a>__scatterload_null</STRONG> (Thumb, 0 bytes, Stack size unknown bytes, __scatter.o(!!!scatter), UNUSED)

<P><STRONG><a name="[314]"></a>__decompress</STRONG> (Thumb, 100 bytes, Stack size unknown bytes, __dclz77c.o(!!dclz77c), UNUSED)

<P><STRONG><a name="[315]"></a>__decompress2</STRONG> (Thumb, 0 bytes, Stack size unknown bytes, __dclz77c.o(!!dclz77c), UNUSED)

<P><STRONG><a name="[316]"></a>__scatterload_zeroinit</STRONG> (Thumb, 28 bytes, Stack size unknown bytes, __scatter_zi.o(!!handler_zi), UNUSED)

<P><STRONG><a name="[167]"></a>_printf_f</STRONG> (Thumb, 0 bytes, Stack size unknown bytes, _printf_f.o(.ARM.Collect$$_printf_percent$$00000003))
<BR><BR>[Stack]<UL><LI>Max Depth = 324 + Unknown Stack Size
<LI>Call Chain = _printf_f &rArr; _printf_fp_dec &rArr; _printf_fp_dec_real &rArr; _fp_digits &rArr; _btod_etento &rArr; _btod_emul &rArr; _e2e
</UL>
<BR>[Calls]<UL><LI><a href="#[168]">&gt;&gt;</a>&nbsp;&nbsp;&nbsp;_printf_fp_dec
</UL>

<P><STRONG><a name="[187]"></a>_printf_percent</STRONG> (Thumb, 0 bytes, Stack size unknown bytes, _printf_percent.o(.ARM.Collect$$_printf_percent$$00000000))
<BR><BR>[Called By]<UL><LI><a href="#[185]">&gt;&gt;</a>&nbsp;&nbsp;&nbsp;__printf
</UL>

<P><STRONG><a name="[169]"></a>_printf_d</STRONG> (Thumb, 0 bytes, Stack size unknown bytes, _printf_d.o(.ARM.Collect$$_printf_percent$$00000009))
<BR><BR>[Stack]<UL><LI>Max Depth = 56 + Unknown Stack Size
<LI>Call Chain = _printf_d &rArr; _printf_int_dec &rArr; _printf_int_common
</UL>
<BR>[Calls]<UL><LI><a href="#[16a]">&gt;&gt;</a>&nbsp;&nbsp;&nbsp;_printf_int_dec
</UL>

<P><STRONG><a name="[317]"></a>_printf_percent_end</STRONG> (Thumb, 0 bytes, Stack size unknown bytes, _printf_percent_end.o(.ARM.Collect$$_printf_percent$$00000017))

<P><STRONG><a name="[176]"></a>__rt_lib_init</STRONG> (Thumb, 0 bytes, Stack size unknown bytes, libinit.o(.ARM.Collect$$libinit$$00000000))
<BR><BR>[Called By]<UL><LI><a href="#[175]">&gt;&gt;</a>&nbsp;&nbsp;&nbsp;__rt_entry_li
</UL>

<P><STRONG><a name="[16b]"></a>__rt_lib_init_fp_1</STRONG> (Thumb, 0 bytes, Stack size unknown bytes, libinit2.o(.ARM.Collect$$libinit$$00000001))
<BR><BR>[Calls]<UL><LI><a href="#[16c]">&gt;&gt;</a>&nbsp;&nbsp;&nbsp;_fp_init
</UL>

<P><STRONG><a name="[16d]"></a>__rt_lib_init_heap_2</STRONG> (Thumb, 0 bytes, Stack size unknown bytes, libinit2.o(.ARM.Collect$$libinit$$00000007))
<BR><BR>[Stack]<UL><LI>Max Depth = 56 + Unknown Stack Size
<LI>Call Chain = __rt_lib_init_heap_2 &rArr; _init_alloc &rArr; __rt_SIGRTMEM &rArr; __rt_SIGRTMEM_inner &rArr; __default_signal_display
</UL>
<BR>[Calls]<UL><LI><a href="#[16e]">&gt;&gt;</a>&nbsp;&nbsp;&nbsp;_init_alloc
</UL>

<P><STRONG><a name="[318]"></a>__rt_lib_init_preinit_1</STRONG> (Thumb, 0 bytes, Stack size unknown bytes, libinit2.o(.ARM.Collect$$libinit$$00000006))

<P><STRONG><a name="[319]"></a>__rt_lib_init_relocate_pie_1</STRONG> (Thumb, 0 bytes, Stack size unknown bytes, libinit2.o(.ARM.Collect$$libinit$$00000004))

<P><STRONG><a name="[31a]"></a>__rt_lib_init_heap_1</STRONG> (Thumb, 0 bytes, Stack size unknown bytes, libinit2.o(.ARM.Collect$$libinit$$0000000C))

<P><STRONG><a name="[16f]"></a>__rt_lib_init_lc_common</STRONG> (Thumb, 0 bytes, Stack size unknown bytes, libinit2.o(.ARM.Collect$$libinit$$00000011))
<BR><BR>[Calls]<UL><LI><a href="#[170]">&gt;&gt;</a>&nbsp;&nbsp;&nbsp;__rt_locale
</UL>

<P><STRONG><a name="[31b]"></a>__rt_lib_init_rand_1</STRONG> (Thumb, 0 bytes, Stack size unknown bytes, libinit2.o(.ARM.Collect$$libinit$$00000010))

<P><STRONG><a name="[31c]"></a>__rt_lib_init_user_alloc_1</STRONG> (Thumb, 0 bytes, Stack size unknown bytes, libinit2.o(.ARM.Collect$$libinit$$0000000E))

<P><STRONG><a name="[31d]"></a>__rt_lib_init_lc_collate_1</STRONG> (Thumb, 0 bytes, Stack size unknown bytes, libinit2.o(.ARM.Collect$$libinit$$00000013))

<P><STRONG><a name="[31e]"></a>__rt_lib_init_lc_ctype_1</STRONG> (Thumb, 0 bytes, Stack size unknown bytes, libinit2.o(.ARM.Collect$$libinit$$00000015))

<P><STRONG><a name="[31f]"></a>__rt_lib_init_lc_monetary_1</STRONG> (Thumb, 0 bytes, Stack size unknown bytes, libinit2.o(.ARM.Collect$$libinit$$00000017))

<P><STRONG><a name="[171]"></a>__rt_lib_init_lc_numeric_2</STRONG> (Thumb, 0 bytes, Stack size unknown bytes, libinit2.o(.ARM.Collect$$libinit$$00000018))
<BR><BR>[Stack]<UL><LI>Max Depth = 16 + Unknown Stack Size
<LI>Call Chain = __rt_lib_init_lc_numeric_2 &rArr; _get_lc_numeric &rArr; strcmp
</UL>
<BR>[Calls]<UL><LI><a href="#[172]">&gt;&gt;</a>&nbsp;&nbsp;&nbsp;_get_lc_numeric
</UL>

<P><STRONG><a name="[320]"></a>__rt_lib_init_alloca_1</STRONG> (Thumb, 0 bytes, Stack size unknown bytes, libinit2.o(.ARM.Collect$$libinit$$00000030))

<P><STRONG><a name="[321]"></a>__rt_lib_init_argv_1</STRONG> (Thumb, 0 bytes, Stack size unknown bytes, libinit2.o(.ARM.Collect$$libinit$$0000002E))

<P><STRONG><a name="[322]"></a>__rt_lib_init_atexit_1</STRONG> (Thumb, 0 bytes, Stack size unknown bytes, libinit2.o(.ARM.Collect$$libinit$$0000001D))

<P><STRONG><a name="[323]"></a>__rt_lib_init_clock_1</STRONG> (Thumb, 0 bytes, Stack size unknown bytes, libinit2.o(.ARM.Collect$$libinit$$00000023))

<P><STRONG><a name="[324]"></a>__rt_lib_init_cpp_1</STRONG> (Thumb, 0 bytes, Stack size unknown bytes, libinit2.o(.ARM.Collect$$libinit$$00000034))

<P><STRONG><a name="[325]"></a>__rt_lib_init_exceptions_1</STRONG> (Thumb, 0 bytes, Stack size unknown bytes, libinit2.o(.ARM.Collect$$libinit$$00000032))

<P><STRONG><a name="[326]"></a>__rt_lib_init_fp_trap_1</STRONG> (Thumb, 0 bytes, Stack size unknown bytes, libinit2.o(.ARM.Collect$$libinit$$00000021))

<P><STRONG><a name="[327]"></a>__rt_lib_init_getenv_1</STRONG> (Thumb, 0 bytes, Stack size unknown bytes, libinit2.o(.ARM.Collect$$libinit$$00000025))

<P><STRONG><a name="[328]"></a>__rt_lib_init_lc_numeric_1</STRONG> (Thumb, 0 bytes, Stack size unknown bytes, libinit2.o(.ARM.Collect$$libinit$$00000019))

<P><STRONG><a name="[329]"></a>__rt_lib_init_lc_time_1</STRONG> (Thumb, 0 bytes, Stack size unknown bytes, libinit2.o(.ARM.Collect$$libinit$$0000001B))

<P><STRONG><a name="[32a]"></a>__rt_lib_init_return</STRONG> (Thumb, 0 bytes, Stack size unknown bytes, libinit2.o(.ARM.Collect$$libinit$$00000035))

<P><STRONG><a name="[32b]"></a>__rt_lib_init_signal_1</STRONG> (Thumb, 0 bytes, Stack size unknown bytes, libinit2.o(.ARM.Collect$$libinit$$0000001F))

<P><STRONG><a name="[32c]"></a>__rt_lib_init_stdio_1</STRONG> (Thumb, 0 bytes, Stack size unknown bytes, libinit2.o(.ARM.Collect$$libinit$$00000027))

<P><STRONG><a name="[17b]"></a>__rt_lib_shutdown</STRONG> (Thumb, 0 bytes, Stack size unknown bytes, libshutdown.o(.ARM.Collect$$libshutdown$$00000000))
<BR><BR>[Called By]<UL><LI><a href="#[17a]">&gt;&gt;</a>&nbsp;&nbsp;&nbsp;__rt_exit_ls
</UL>

<P><STRONG><a name="[32d]"></a>__rt_lib_shutdown_cpp_1</STRONG> (Thumb, 0 bytes, Stack size unknown bytes, libshutdown2.o(.ARM.Collect$$libshutdown$$00000002))

<P><STRONG><a name="[32e]"></a>__rt_lib_shutdown_fp_trap_1</STRONG> (Thumb, 0 bytes, Stack size unknown bytes, libshutdown2.o(.ARM.Collect$$libshutdown$$00000007))

<P><STRONG><a name="[32f]"></a>__rt_lib_shutdown_heap_1</STRONG> (Thumb, 0 bytes, Stack size unknown bytes, libshutdown2.o(.ARM.Collect$$libshutdown$$0000000F))

<P><STRONG><a name="[330]"></a>__rt_lib_shutdown_return</STRONG> (Thumb, 0 bytes, Stack size unknown bytes, libshutdown2.o(.ARM.Collect$$libshutdown$$00000010))

<P><STRONG><a name="[331]"></a>__rt_lib_shutdown_signal_1</STRONG> (Thumb, 0 bytes, Stack size unknown bytes, libshutdown2.o(.ARM.Collect$$libshutdown$$0000000A))

<P><STRONG><a name="[332]"></a>__rt_lib_shutdown_stdio_1</STRONG> (Thumb, 0 bytes, Stack size unknown bytes, libshutdown2.o(.ARM.Collect$$libshutdown$$00000004))

<P><STRONG><a name="[333]"></a>__rt_lib_shutdown_user_alloc_1</STRONG> (Thumb, 0 bytes, Stack size unknown bytes, libshutdown2.o(.ARM.Collect$$libshutdown$$0000000C))

<P><STRONG><a name="[165]"></a>__rt_entry</STRONG> (Thumb, 0 bytes, Stack size unknown bytes, __rtentry.o(.ARM.Collect$$rtentry$$00000000))
<BR><BR>[Called By]<UL><LI><a href="#[ad]">&gt;&gt;</a>&nbsp;&nbsp;&nbsp;__main
<LI><a href="#[166]">&gt;&gt;</a>&nbsp;&nbsp;&nbsp;__scatterload_rt2
</UL>

<P><STRONG><a name="[334]"></a>__rt_entry_presh_1</STRONG> (Thumb, 0 bytes, Stack size unknown bytes, __rtentry2.o(.ARM.Collect$$rtentry$$00000002))

<P><STRONG><a name="[173]"></a>__rt_entry_sh</STRONG> (Thumb, 0 bytes, Stack size unknown bytes, __rtentry4.o(.ARM.Collect$$rtentry$$00000004))
<BR><BR>[Stack]<UL><LI>Max Depth = 8 + Unknown Stack Size
<LI>Call Chain = __rt_entry_sh &rArr; __user_setup_stackheap
</UL>
<BR>[Calls]<UL><LI><a href="#[174]">&gt;&gt;</a>&nbsp;&nbsp;&nbsp;__user_setup_stackheap
</UL>

<P><STRONG><a name="[175]"></a>__rt_entry_li</STRONG> (Thumb, 0 bytes, Stack size unknown bytes, __rtentry2.o(.ARM.Collect$$rtentry$$0000000A))
<BR><BR>[Calls]<UL><LI><a href="#[176]">&gt;&gt;</a>&nbsp;&nbsp;&nbsp;__rt_lib_init
</UL>

<P><STRONG><a name="[335]"></a>__rt_entry_postsh_1</STRONG> (Thumb, 0 bytes, Stack size unknown bytes, __rtentry2.o(.ARM.Collect$$rtentry$$00000009))

<P><STRONG><a name="[177]"></a>__rt_entry_main</STRONG> (Thumb, 0 bytes, Stack size unknown bytes, __rtentry2.o(.ARM.Collect$$rtentry$$0000000D))
<BR><BR>[Stack]<UL><LI>Max Depth = 1476 + Unknown Stack Size
<LI>Call Chain = __rt_entry_main &rArr; main &rArr; setup_scr_screen &rArr; lv_canvas_draw_img &rArr; lv_draw_img &rArr; lv_draw_label &rArr; lv_txt_get_size &rArr; _lv_txt_get_next_line &rArr; lv_txt_utf8_next
</UL>
<BR>[Calls]<UL><LI><a href="#[179]">&gt;&gt;</a>&nbsp;&nbsp;&nbsp;exit
<LI><a href="#[178]">&gt;&gt;</a>&nbsp;&nbsp;&nbsp;main
</UL>

<P><STRONG><a name="[336]"></a>__rt_entry_postli_1</STRONG> (Thumb, 0 bytes, Stack size unknown bytes, __rtentry2.o(.ARM.Collect$$rtentry$$0000000C))

<P><STRONG><a name="[1a3]"></a>__rt_exit</STRONG> (Thumb, 0 bytes, Stack size unknown bytes, rtexit.o(.ARM.Collect$$rtexit$$00000000))
<BR><BR>[Called By]<UL><LI><a href="#[179]">&gt;&gt;</a>&nbsp;&nbsp;&nbsp;exit
</UL>

<P><STRONG><a name="[17a]"></a>__rt_exit_ls</STRONG> (Thumb, 0 bytes, Stack size unknown bytes, rtexit2.o(.ARM.Collect$$rtexit$$00000003))
<BR><BR>[Calls]<UL><LI><a href="#[17b]">&gt;&gt;</a>&nbsp;&nbsp;&nbsp;__rt_lib_shutdown
</UL>

<P><STRONG><a name="[337]"></a>__rt_exit_prels_1</STRONG> (Thumb, 0 bytes, Stack size unknown bytes, rtexit2.o(.ARM.Collect$$rtexit$$00000002))

<P><STRONG><a name="[338]"></a>__rt_exit_exit</STRONG> (Thumb, 0 bytes, Stack size unknown bytes, rtexit2.o(.ARM.Collect$$rtexit$$00000004))

<P><STRONG><a name="[17]"></a>Reset_Handler</STRONG> (Thumb, 8 bytes, Stack size 0 bytes, startup_stm32h743xx.o(.text))
<BR>[Address Reference Count : 1]<UL><LI> startup_stm32h743xx.o(RESET)
</UL>
<P><STRONG><a name="[98]"></a>ADC3_IRQHandler</STRONG> (Thumb, 0 bytes, Stack size 0 bytes, startup_stm32h743xx.o(.text))
<BR><BR>[Calls]<UL><LI><a href="#[98]">&gt;&gt;</a>&nbsp;&nbsp;&nbsp;ADC3_IRQHandler
</UL>
<BR>[Called By]<UL><LI><a href="#[98]">&gt;&gt;</a>&nbsp;&nbsp;&nbsp;ADC3_IRQHandler
</UL>
<BR>[Address Reference Count : 1]<UL><LI> startup_stm32h743xx.o(RESET)
</UL>
<P><STRONG><a name="[33]"></a>ADC_IRQHandler</STRONG> (Thumb, 0 bytes, Stack size 0 bytes, startup_stm32h743xx.o(.text))
<BR>[Address Reference Count : 1]<UL><LI> startup_stm32h743xx.o(RESET)
</UL>
<P><STRONG><a name="[9a]"></a>BDMA_Channel0_IRQHandler</STRONG> (Thumb, 0 bytes, Stack size 0 bytes, startup_stm32h743xx.o(.text))
<BR>[Address Reference Count : 1]<UL><LI> startup_stm32h743xx.o(RESET)
</UL>
<P><STRONG><a name="[9b]"></a>BDMA_Channel1_IRQHandler</STRONG> (Thumb, 0 bytes, Stack size 0 bytes, startup_stm32h743xx.o(.text))
<BR>[Address Reference Count : 1]<UL><LI> startup_stm32h743xx.o(RESET)
</UL>
<P><STRONG><a name="[9c]"></a>BDMA_Channel2_IRQHandler</STRONG> (Thumb, 0 bytes, Stack size 0 bytes, startup_stm32h743xx.o(.text))
<BR>[Address Reference Count : 1]<UL><LI> startup_stm32h743xx.o(RESET)
</UL>
<P><STRONG><a name="[9d]"></a>BDMA_Channel3_IRQHandler</STRONG> (Thumb, 0 bytes, Stack size 0 bytes, startup_stm32h743xx.o(.text))
<BR>[Address Reference Count : 1]<UL><LI> startup_stm32h743xx.o(RESET)
</UL>
<P><STRONG><a name="[9e]"></a>BDMA_Channel4_IRQHandler</STRONG> (Thumb, 0 bytes, Stack size 0 bytes, startup_stm32h743xx.o(.text))
<BR>[Address Reference Count : 1]<UL><LI> startup_stm32h743xx.o(RESET)
</UL>
<P><STRONG><a name="[9f]"></a>BDMA_Channel5_IRQHandler</STRONG> (Thumb, 0 bytes, Stack size 0 bytes, startup_stm32h743xx.o(.text))
<BR>[Address Reference Count : 1]<UL><LI> startup_stm32h743xx.o(RESET)
</UL>
<P><STRONG><a name="[a0]"></a>BDMA_Channel6_IRQHandler</STRONG> (Thumb, 0 bytes, Stack size 0 bytes, startup_stm32h743xx.o(.text))
<BR>[Address Reference Count : 1]<UL><LI> startup_stm32h743xx.o(RESET)
</UL>
<P><STRONG><a name="[a1]"></a>BDMA_Channel7_IRQHandler</STRONG> (Thumb, 0 bytes, Stack size 0 bytes, startup_stm32h743xx.o(.text))
<BR>[Address Reference Count : 1]<UL><LI> startup_stm32h743xx.o(RESET)
</UL>
<P><STRONG><a name="[79]"></a>CEC_IRQHandler</STRONG> (Thumb, 0 bytes, Stack size 0 bytes, startup_stm32h743xx.o(.text))
<BR>[Address Reference Count : 1]<UL><LI> startup_stm32h743xx.o(RESET)
</UL>
<P><STRONG><a name="[a2]"></a>COMP1_IRQHandler</STRONG> (Thumb, 0 bytes, Stack size 0 bytes, startup_stm32h743xx.o(.text))
<BR>[Address Reference Count : 1]<UL><LI> startup_stm32h743xx.o(RESET)
</UL>
<P><STRONG><a name="[a8]"></a>CRS_IRQHandler</STRONG> (Thumb, 0 bytes, Stack size 0 bytes, startup_stm32h743xx.o(.text))
<BR>[Address Reference Count : 1]<UL><LI> startup_stm32h743xx.o(RESET)
</UL>
<P><STRONG><a name="[6a]"></a>DCMI_IRQHandler</STRONG> (Thumb, 0 bytes, Stack size 0 bytes, startup_stm32h743xx.o(.text))
<BR>[Address Reference Count : 1]<UL><LI> startup_stm32h743xx.o(RESET)
</UL>
<P><STRONG><a name="[89]"></a>DFSDM1_FLT0_IRQHandler</STRONG> (Thumb, 0 bytes, Stack size 0 bytes, startup_stm32h743xx.o(.text))
<BR>[Address Reference Count : 1]<UL><LI> startup_stm32h743xx.o(RESET)
</UL>
<P><STRONG><a name="[8a]"></a>DFSDM1_FLT1_IRQHandler</STRONG> (Thumb, 0 bytes, Stack size 0 bytes, startup_stm32h743xx.o(.text))
<BR>[Address Reference Count : 1]<UL><LI> startup_stm32h743xx.o(RESET)
</UL>
<P><STRONG><a name="[8b]"></a>DFSDM1_FLT2_IRQHandler</STRONG> (Thumb, 0 bytes, Stack size 0 bytes, startup_stm32h743xx.o(.text))
<BR>[Address Reference Count : 1]<UL><LI> startup_stm32h743xx.o(RESET)
</UL>
<P><STRONG><a name="[8c]"></a>DFSDM1_FLT3_IRQHandler</STRONG> (Thumb, 0 bytes, Stack size 0 bytes, startup_stm32h743xx.o(.text))
<BR>[Address Reference Count : 1]<UL><LI> startup_stm32h743xx.o(RESET)
</UL>
<P><STRONG><a name="[2c]"></a>DMA1_Stream0_IRQHandler</STRONG> (Thumb, 0 bytes, Stack size 0 bytes, startup_stm32h743xx.o(.text))
<BR>[Address Reference Count : 1]<UL><LI> startup_stm32h743xx.o(RESET)
</UL>
<P><STRONG><a name="[2d]"></a>DMA1_Stream1_IRQHandler</STRONG> (Thumb, 0 bytes, Stack size 0 bytes, startup_stm32h743xx.o(.text))
<BR>[Address Reference Count : 1]<UL><LI> startup_stm32h743xx.o(RESET)
</UL>
<P><STRONG><a name="[2e]"></a>DMA1_Stream2_IRQHandler</STRONG> (Thumb, 0 bytes, Stack size 0 bytes, startup_stm32h743xx.o(.text))
<BR>[Address Reference Count : 1]<UL><LI> startup_stm32h743xx.o(RESET)
</UL>
<P><STRONG><a name="[2f]"></a>DMA1_Stream3_IRQHandler</STRONG> (Thumb, 0 bytes, Stack size 0 bytes, startup_stm32h743xx.o(.text))
<BR>[Address Reference Count : 1]<UL><LI> startup_stm32h743xx.o(RESET)
</UL>
[...]
<BR><BR>[Stack]<UL><LI>Max Depth = 1072 + Unknown Stack Size
<LI>Call Chain = lv_switch_event &rArr; lv_obj_event &rArr; layout_update_core &rArr;  layout_update_core (Cycle)
</UL>
<BR>[Calls]<UL><LI><a href="#[1ac]">&gt;&gt;</a>&nbsp;&nbsp;&nbsp;__aeabi_memclr4
<LI><a href="#[22e]">&gt;&gt;</a>&nbsp;&nbsp;&nbsp;lv_anim_start
<LI><a href="#[202]">&gt;&gt;</a>&nbsp;&nbsp;&nbsp;lv_obj_init_draw_rect_dsc
<LI><a href="#[238]">&gt;&gt;</a>&nbsp;&nbsp;&nbsp;lv_obj_calculate_ext_draw_size
<LI><a href="#[15e]">&gt;&gt;</a>&nbsp;&nbsp;&nbsp;lv_obj_event
<LI><a href="#[1f0]">&gt;&gt;</a>&nbsp;&nbsp;&nbsp;lv_obj_get_style_prop
<LI><a href="#[22f]">&gt;&gt;</a>&nbsp;&nbsp;&nbsp;lv_anim_del
<LI><a href="#[1e6]">&gt;&gt;</a>&nbsp;&nbsp;&nbsp;lv_obj_invalidate
</UL>
<BR>[Address Reference Count : 1]<UL><LI> lto-llvm-f18d01.o(.rodata)
</UL>
<P><STRONG><a name="[ef]"></a>lv_switch_anim_exec_cb</STRONG> (Thumb, 6 bytes, Stack size 0 bytes, lto-llvm-f18d01.o(.text.lv_switch_anim_exec_cb))
<BR><BR>[Stack]<UL><LI>Max Depth = 312<LI>Call Chain = lv_switch_anim_exec_cb &rArr; lv_obj_invalidate &rArr; lv_obj_area_is_visible &rArr; lv_obj_get_transformed_area &rArr; lv_obj_transform_point &rArr;  lv_obj_transform_point (Cycle)
</UL>
<BR>[Calls]<UL><LI><a href="#[1e6]">&gt;&gt;</a>&nbsp;&nbsp;&nbsp;lv_obj_invalidate
</UL>
<BR>[Address Reference Count : 1]<UL><LI> lto-llvm-f18d01.o(.text.lv_switch_event)
</UL>
<P><STRONG><a name="[f0]"></a>lv_switch_anim_ready</STRONG> (Thumb, 12 bytes, Stack size 0 bytes, lto-llvm-f18d01.o(.text.lv_switch_anim_ready))
<BR><BR>[Stack]<UL><LI>Max Depth = 312<LI>Call Chain = lv_switch_anim_ready &rArr; lv_obj_invalidate &rArr; lv_obj_area_is_visible &rArr; lv_obj_get_transformed_area &rArr; lv_obj_transform_point &rArr;  lv_obj_transform_point (Cycle)
</UL>
<BR>[Calls]<UL><LI><a href="#[1e6]">&gt;&gt;</a>&nbsp;&nbsp;&nbsp;lv_obj_invalidate
</UL>
<BR>[Address Reference Count : 1]<UL><LI> lto-llvm-f18d01.o(.text.lv_switch_event)
</UL>
<P><STRONG><a name="[156]"></a>lv_table_constructor</STRONG> (Thumb, 356 bytes, Stack size 32 bytes, lto-llvm-f18d01.o(.text.lv_table_constructor))
<BR><BR>[Stack]<UL><LI>Max Depth = 124<LI>Call Chain = lv_table_constructor &rArr; lv_mem_realloc &rArr; lv_tlsf_realloc &rArr; lv_tlsf_free &rArr; block_merge_next
</UL>
<BR>[Calls]<UL><LI><a href="#[21c]">&gt;&gt;</a>&nbsp;&nbsp;&nbsp;lv_mem_realloc
<LI><a href="#[1c4]">&gt;&gt;</a>&nbsp;&nbsp;&nbsp;block_prepare_used
<LI><a href="#[1c3]">&gt;&gt;</a>&nbsp;&nbsp;&nbsp;block_locate_free
</UL>
<BR>[Address Reference Count : 1]<UL><LI> lto-llvm-f18d01.o(.rodata)
</UL>
<P><STRONG><a name="[157]"></a>lv_table_destructor</STRONG> (Thumb, 224 bytes, Stack size 40 bytes, lto-llvm-f18d01.o(.text.lv_table_destructor))
<BR><BR>[Stack]<UL><LI>Max Depth = 84<LI>Call Chain = lv_table_destructor &rArr; lv_tlsf_free &rArr; block_merge_next
</UL>
<BR>[Calls]<UL><LI><a href="#[1c2]">&gt;&gt;</a>&nbsp;&nbsp;&nbsp;lv_tlsf_free
</UL>
<BR>[Address Reference Count : 1]<UL><LI> lto-llvm-f18d01.o(.rodata)
</UL>
<P><STRONG><a name="[158]"></a>lv_table_event</STRONG> (Thumb, 1708 bytes, Stack size 112 bytes, lto-llvm-f18d01.o(.text.lv_table_event))
<BR><BR>[Stack]<UL><LI>Max Depth = 1000 + Unknown Stack Size
<LI>Call Chain = lv_table_event &rArr; lv_obj_event &rArr; layout_update_core &rArr;  layout_update_core (Cycle)
</UL>
<BR>[Calls]<UL><LI><a href="#[1fd]">&gt;&gt;</a>&nbsp;&nbsp;&nbsp;lv_txt_get_width
<LI><a href="#[1da]">&gt;&gt;</a>&nbsp;&nbsp;&nbsp;_lv_txt_get_next_line
<LI><a href="#[246]">&gt;&gt;</a>&nbsp;&nbsp;&nbsp;lv_obj_refresh_self_size
<LI><a href="#[15e]">&gt;&gt;</a>&nbsp;&nbsp;&nbsp;lv_obj_event
<LI><a href="#[1f0]">&gt;&gt;</a>&nbsp;&nbsp;&nbsp;lv_obj_get_style_prop
<LI><a href="#[1f1]">&gt;&gt;</a>&nbsp;&nbsp;&nbsp;lv_event_send
<LI><a href="#[1e6]">&gt;&gt;</a>&nbsp;&nbsp;&nbsp;lv_obj_invalidate
<LI><a href="#[2a7]">&gt;&gt;</a>&nbsp;&nbsp;&nbsp;scroll_to_selected_cell
<LI><a href="#[20c]">&gt;&gt;</a>&nbsp;&nbsp;&nbsp;draw_main.1074
</UL>
<BR>[Address Reference Count : 1]<UL><LI> lto-llvm-f18d01.o(.rodata)
</UL>
<P><STRONG><a name="[20c]"></a>draw_main.1074</STRONG> (Thumb, 2026 bytes, Stack size 448 bytes, lto-llvm-f18d01.o(.text.draw_main.1074))
<BR><BR>[Stack]<UL><LI>Max Depth = 884 + Unknown Stack Size
<LI>Call Chain = draw_main.1074 &rArr; lv_draw_label &rArr; lv_txt_get_size &rArr; _lv_txt_get_next_line &rArr; lv_txt_utf8_next
</UL>
<BR>[Calls]<UL><LI><a href="#[1ac]">&gt;&gt;</a>&nbsp;&nbsp;&nbsp;__aeabi_memclr4
<LI><a href="#[1ff]">&gt;&gt;</a>&nbsp;&nbsp;&nbsp;lv_draw_label
<LI><a href="#[1fd]">&gt;&gt;</a>&nbsp;&nbsp;&nbsp;lv_txt_get_width
<LI><a href="#[1da]">&gt;&gt;</a>&nbsp;&nbsp;&nbsp;_lv_txt_get_next_line
<LI><a href="#[204]">&gt;&gt;</a>&nbsp;&nbsp;&nbsp;lv_obj_init_draw_label_dsc
<LI><a href="#[208]">&gt;&gt;</a>&nbsp;&nbsp;&nbsp;lv_memcpy
<LI><a href="#[202]">&gt;&gt;</a>&nbsp;&nbsp;&nbsp;lv_obj_init_draw_rect_dsc
<LI><a href="#[1f0]">&gt;&gt;</a>&nbsp;&nbsp;&nbsp;lv_obj_get_style_prop
<LI><a href="#[1d6]">&gt;&gt;</a>&nbsp;&nbsp;&nbsp;event_send_core
</UL>
<BR>[Called By]<UL><LI><a href="#[158]">&gt;&gt;</a>&nbsp;&nbsp;&nbsp;lv_table_event
</UL>

<P><STRONG><a name="[2a7]"></a>scroll_to_selected_cell</STRONG> (Thumb, 462 bytes, Stack size 32 bytes, lto-llvm-f18d01.o(.text.scroll_to_selected_cell))
<BR><BR>[Stack]<UL><LI>Max Depth = 512 + Unknown Stack Size
<LI>Call Chain = scroll_to_selected_cell &rArr; lv_obj_scroll_by_bounded &rArr;  layout_update_core (Cycle)
</UL>
<BR>[Calls]<UL><LI><a href="#[293]">&gt;&gt;</a>&nbsp;&nbsp;&nbsp;lv_obj_scroll_by_bounded
<LI><a href="#[1f0]">&gt;&gt;</a>&nbsp;&nbsp;&nbsp;lv_obj_get_style_prop
</UL>
<BR>[Called By]<UL><LI><a href="#[158]">&gt;&gt;</a>&nbsp;&nbsp;&nbsp;lv_table_event
</UL>

<P><STRONG><a name="[159]"></a>lv_textarea_constructor</STRONG> (Thumb, 360 bytes, Stack size 88 bytes, lto-llvm-f18d01.o(.text.lv_textarea_constructor))
<BR><BR>[Stack]<UL><LI>Max Depth = 840 + Unknown Stack Size
<LI>Call Chain = lv_textarea_constructor &rArr; lv_textarea_set_cursor_pos &rArr; layout_update_core &rArr;  layout_update_core (Cycle)
</UL>
<BR>[Calls]<UL><LI><a href="#[1ac]">&gt;&gt;</a>&nbsp;&nbsp;&nbsp;__aeabi_memclr4
<LI><a href="#[276]">&gt;&gt;</a>&nbsp;&nbsp;&nbsp;lv_textarea_set_cursor_pos
<LI><a href="#[240]">&gt;&gt;</a>&nbsp;&nbsp;&nbsp;lv_obj_set_width
<LI><a href="#[1e8]">&gt;&gt;</a>&nbsp;&nbsp;&nbsp;lv_obj_add_flag
<LI><a href="#[22e]">&gt;&gt;</a>&nbsp;&nbsp;&nbsp;lv_anim_start
<LI><a href="#[1f0]">&gt;&gt;</a>&nbsp;&nbsp;&nbsp;lv_obj_get_style_prop
<LI><a href="#[1af]">&gt;&gt;</a>&nbsp;&nbsp;&nbsp;lv_label_set_text
<LI><a href="#[22f]">&gt;&gt;</a>&nbsp;&nbsp;&nbsp;lv_anim_del
<LI><a href="#[223]">&gt;&gt;</a>&nbsp;&nbsp;&nbsp;lv_obj_allocate_spec_attr
<LI><a href="#[1c8]">&gt;&gt;</a>&nbsp;&nbsp;&nbsp;lv_obj_class_init_obj
<LI><a href="#[1c7]">&gt;&gt;</a>&nbsp;&nbsp;&nbsp;lv_obj_class_create_obj
<LI><a href="#[21c]">&gt;&gt;</a>&nbsp;&nbsp;&nbsp;lv_mem_realloc
</UL>
<BR>[Address Reference Count : 1]<UL><LI> lto-llvm-f18d01.o(.rodata)
</UL>
<P><STRONG><a name="[f3]"></a>label_event_cb</STRONG> (Thumb, 152 bytes, Stack size 88 bytes, lto-llvm-f18d01.o(.text.label_event_cb))
<BR><BR>[Stack]<UL><LI>Max Depth = 592 + Unknown Stack Size
<LI>Call Chain = label_event_cb &rArr; lv_label_set_text &rArr; lv_label_refr_text &rArr; lv_obj_invalidate &rArr; lv_obj_area_is_visible &rArr; lv_obj_get_transformed_area &rArr; lv_obj_transform_point &rArr;  lv_obj_transform_point (Cycle)
</UL>
<BR>[Calls]<UL><LI><a href="#[1ac]">&gt;&gt;</a>&nbsp;&nbsp;&nbsp;__aeabi_memclr4
<LI><a href="#[22e]">&gt;&gt;</a>&nbsp;&nbsp;&nbsp;lv_anim_start
<LI><a href="#[1f0]">&gt;&gt;</a>&nbsp;&nbsp;&nbsp;lv_obj_get_style_prop
<LI><a href="#[1af]">&gt;&gt;</a>&nbsp;&nbsp;&nbsp;lv_label_set_text
<LI><a href="#[22f]">&gt;&gt;</a>&nbsp;&nbsp;&nbsp;lv_anim_del
<LI><a href="#[22d]">&gt;&gt;</a>&nbsp;&nbsp;&nbsp;refr_cursor_area
</UL>
<BR>[Address Reference Count : 1]<UL><LI> lto-llvm-f18d01.o(.text.lv_textarea_constructor)
</UL>
<P><STRONG><a name="[d0]"></a>cursor_blink_anim_cb</STRONG> (Thumb, 92 bytes, Stack size 16 bytes, lto-llvm-f18d01.o(.text.cursor_blink_anim_cb))
<BR><BR>[Stack]<UL><LI>Max Depth = 328<LI>Call Chain = cursor_blink_anim_cb &rArr; lv_obj_invalidate_area &rArr; lv_obj_area_is_visible &rArr; lv_obj_get_transformed_area &rArr; lv_obj_transform_point &rArr;  lv_obj_transform_point (Cycle)
</UL>
<BR>[Calls]<UL><LI><a href="#[1f3]">&gt;&gt;</a>&nbsp;&nbsp;&nbsp;lv_obj_invalidate_area
</UL>
<BR>[Address Reference Count : 4]<UL><LI> lto-llvm-f18d01.o(.text.lv_textarea_constructor)
<LI> lto-llvm-f18d01.o(.text.lv_textarea_event)
<LI> lto-llvm-f18d01.o(.text.lv_textarea_set_cursor_pos)
<LI> lto-llvm-f18d01.o(.text.label_event_cb)
</UL>
<P><STRONG><a name="[15a]"></a>lv_textarea_destructor</STRONG> (Thumb, 150 bytes, Stack size 16 bytes, lto-llvm-f18d01.o(.text.lv_textarea_destructor))
<BR><BR>[Stack]<UL><LI>Max Depth = 60<LI>Call Chain = lv_textarea_destructor &rArr; lv_tlsf_free &rArr; block_merge_next
</UL>
<BR>[Calls]<UL><LI><a href="#[1c2]">&gt;&gt;</a>&nbsp;&nbsp;&nbsp;lv_tlsf_free
</UL>
<BR>[Address Reference Count : 1]<UL><LI> lto-llvm-f18d01.o(.rodata)
</UL>
<P><STRONG><a name="[2aa]"></a>lv_textarea_del_char_forward</STRONG> (Thumb, 30 bytes, Stack size 16 bytes, lto-llvm-f18d01.o(.text.lv_textarea_del_char_forward))
<BR><BR>[Stack]<UL><LI>Max Depth = 824 + Unknown Stack Size
<LI>Call Chain = lv_textarea_del_char_forward &rArr; lv_textarea_del_char &rArr; lv_textarea_set_cursor_pos &rArr; layout_update_core &rArr;  layout_update_core (Cycle)
</UL>
<BR>[Calls]<UL><LI><a href="#[277]">&gt;&gt;</a>&nbsp;&nbsp;&nbsp;lv_textarea_del_char
<LI><a href="#[276]">&gt;&gt;</a>&nbsp;&nbsp;&nbsp;lv_textarea_set_cursor_pos
</UL>
<BR>[Called By]<UL><LI><a href="#[15b]">&gt;&gt;</a>&nbsp;&nbsp;&nbsp;lv_textarea_event
</UL>

<P><STRONG><a name="[2a9]"></a>lv_textarea_cursor_up</STRONG> (Thumb, 92 bytes, Stack size 24 bytes, lto-llvm-f18d01.o(.text.lv_textarea_cursor_up))
<BR><BR>[Stack]<UL><LI>Max Depth = 776 + Unknown Stack Size
<LI>Call Chain = lv_textarea_cursor_up &rArr; lv_textarea_set_cursor_pos &rArr; layout_update_core &rArr;  layout_update_core (Cycle)
</UL>
<BR>[Calls]<UL><LI><a href="#[276]">&gt;&gt;</a>&nbsp;&nbsp;&nbsp;lv_textarea_set_cursor_pos
<LI><a href="#[1f0]">&gt;&gt;</a>&nbsp;&nbsp;&nbsp;lv_obj_get_style_prop
<LI><a href="#[27c]">&gt;&gt;</a>&nbsp;&nbsp;&nbsp;lv_label_get_letter_pos
<LI><a href="#[27a]">&gt;&gt;</a>&nbsp;&nbsp;&nbsp;lv_label_get_letter_on
</UL>
<BR>[Called By]<UL><LI><a href="#[15b]">&gt;&gt;</a>&nbsp;&nbsp;&nbsp;lv_textarea_event
</UL>

<P><STRONG><a name="[2a8]"></a>lv_textarea_cursor_down</STRONG> (Thumb, 106 bytes, Stack size 24 bytes, lto-llvm-f18d01.o(.text.lv_textarea_cursor_down))
<BR><BR>[Stack]<UL><LI>Max Depth = 776 + Unknown Stack Size
<LI>Call Chain = lv_textarea_cursor_down &rArr; lv_textarea_set_cursor_pos &rArr; layout_update_core &rArr;  layout_update_core (Cycle)
</UL>
<BR>[Calls]<UL><LI><a href="#[276]">&gt;&gt;</a>&nbsp;&nbsp;&nbsp;lv_textarea_set_cursor_pos
<LI><a href="#[1f0]">&gt;&gt;</a>&nbsp;&nbsp;&nbsp;lv_obj_get_style_prop
<LI><a href="#[27c]">&gt;&gt;</a>&nbsp;&nbsp;&nbsp;lv_label_get_letter_pos
<LI><a href="#[27a]">&gt;&gt;</a>&nbsp;&nbsp;&nbsp;lv_label_get_letter_on
</UL>
<BR>[Called By]<UL><LI><a href="#[15b]">&gt;&gt;</a>&nbsp;&nbsp;&nbsp;lv_textarea_event
</UL>

<P><STRONG><a name="[22d]"></a>refr_cursor_area</STRONG> (Thumb, 874 bytes, Stack size 88 bytes, lto-llvm-f18d01.o(.text.refr_cursor_area))
<BR><BR>[Stack]<UL><LI>Max Depth = 400<LI>Call Chain = refr_cursor_area &rArr; lv_obj_invalidate_area &rArr; lv_obj_area_is_visible &rArr; lv_obj_get_transformed_area &rArr; lv_obj_transform_point &rArr;  lv_obj_transform_point (Cycle)
</UL>
<BR>[Calls]<UL><LI><a href="#[1db]">&gt;&gt;</a>&nbsp;&nbsp;&nbsp;lv_txt_utf8_next
<LI><a href="#[1f3]">&gt;&gt;</a>&nbsp;&nbsp;&nbsp;lv_obj_invalidate_area
<LI><a href="#[1f0]">&gt;&gt;</a>&nbsp;&nbsp;&nbsp;lv_obj_get_style_prop
<LI><a href="#[27c]">&gt;&gt;</a>&nbsp;&nbsp;&nbsp;lv_label_get_letter_pos
</UL>
<BR>[Called By]<UL><LI><a href="#[2a5]">&gt;&gt;</a>&nbsp;&nbsp;&nbsp;pwd_char_hider
<LI><a href="#[276]">&gt;&gt;</a>&nbsp;&nbsp;&nbsp;lv_textarea_set_cursor_pos
<LI><a href="#[f3]">&gt;&gt;</a>&nbsp;&nbsp;&nbsp;label_event_cb
</UL>

<P><STRONG><a name="[15f]"></a>lv_radiobtn_constructor</STRONG> (Thumb, 62 bytes, Stack size 8 bytes, lto-llvm-f18d01.o(.text.lv_radiobtn_constructor))
<BR><BR>[Stack]<UL><LI>Max Depth = 488 + Unknown Stack Size
<LI>Call Chain = lv_radiobtn_constructor &rArr; lv_obj_set_local_style_prop &rArr; lv_obj_refresh_style &rArr; refresh_children_style &rArr;  refresh_children_style (Cycle)
</UL>
<BR>[Calls]<UL><LI><a href="#[1c9]">&gt;&gt;</a>&nbsp;&nbsp;&nbsp;lv_obj_set_local_style_prop
</UL>
<BR>[Address Reference Count : 1]<UL><LI> lto-llvm-f18d01.o(.rodata)
</UL>
<P><STRONG><a name="[160]"></a>lv_radiobtn_event</STRONG> (Thumb, 182 bytes, Stack size 16 bytes, lto-llvm-f18d01.o(.text.lv_radiobtn_event))
<BR><BR>[Stack]<UL><LI>Max Depth = 904 + Unknown Stack Size
<LI>Call Chain = lv_radiobtn_event &rArr; lv_obj_event &rArr; layout_update_core &rArr;  layout_update_core (Cycle)
</UL>
<BR>[Calls]<UL><LI><a href="#[15e]">&gt;&gt;</a>&nbsp;&nbsp;&nbsp;lv_obj_event
<LI><a href="#[1e7]">&gt;&gt;</a>&nbsp;&nbsp;&nbsp;lv_obj_set_state
</UL>
<BR>[Address Reference Count : 1]<UL><LI> lto-llvm-f18d01.o(.rodata)
</UL>
<P><STRONG><a name="[161]"></a>lv_radiobtn_item_constructor</STRONG> (Thumb, 52 bytes, Stack size 8 bytes, lto-llvm-f18d01.o(.text.lv_radiobtn_item_constructor))
<BR><BR>[Stack]<UL><LI>Max Depth = 424<LI>Call Chain = lv_radiobtn_item_constructor &rArr; lv_obj_add_flag &rArr; focus_next_core &rArr; lv_obj_invalidate &rArr; lv_obj_area_is_visible &rArr; lv_obj_get_transformed_area &rArr; lv_obj_transform_point &rArr;  lv_obj_transform_point (Cycle)
</UL>
<BR>[Calls]<UL><LI><a href="#[1e8]">&gt;&gt;</a>&nbsp;&nbsp;&nbsp;lv_obj_add_flag
</UL>
<BR>[Address Reference Count : 1]<UL><LI> lto-llvm-f18d01.o(.rodata)
</UL>
<P><STRONG><a name="[162]"></a>lv_radiobtn_item_destructor</STRONG> (Thumb, 70 bytes, Stack size 8 bytes, lto-llvm-f18d01.o(.text.lv_radiobtn_item_destructor))
<BR><BR>[Stack]<UL><LI>Max Depth = 52<LI>Call Chain = lv_radiobtn_item_destructor &rArr; lv_tlsf_free &rArr; block_merge_next
</UL>
<BR>[Calls]<UL><LI><a href="#[1c2]">&gt;&gt;</a>&nbsp;&nbsp;&nbsp;lv_tlsf_free
</UL>
<BR>[Address Reference Count : 1]<UL><LI> lto-llvm-f18d01.o(.rodata)
</UL>
<P><STRONG><a name="[163]"></a>lv_radiobtn_item_event</STRONG> (Thumb, 1624 bytes, Stack size 328 bytes, lto-llvm-f18d01.o(.text.lv_radiobtn_item_event))
<BR><BR>[Stack]<UL><LI>Max Depth = 1216 + Unknown Stack Size
<LI>Call Chain = lv_radiobtn_item_event &rArr; lv_obj_event &rArr; layout_update_core &rArr;  layout_update_core (Cycle)
</UL>
<BR>[Calls]<UL><LI><a href="#[1ac]">&gt;&gt;</a>&nbsp;&nbsp;&nbsp;__aeabi_memclr4
<LI><a href="#[1ff]">&gt;&gt;</a>&nbsp;&nbsp;&nbsp;lv_draw_label
<LI><a href="#[1fd]">&gt;&gt;</a>&nbsp;&nbsp;&nbsp;lv_txt_get_width
<LI><a href="#[1da]">&gt;&gt;</a>&nbsp;&nbsp;&nbsp;_lv_txt_get_next_line
<LI><a href="#[204]">&gt;&gt;</a>&nbsp;&nbsp;&nbsp;lv_obj_init_draw_label_dsc
<LI><a href="#[202]">&gt;&gt;</a>&nbsp;&nbsp;&nbsp;lv_obj_init_draw_rect_dsc
<LI><a href="#[238]">&gt;&gt;</a>&nbsp;&nbsp;&nbsp;lv_obj_calculate_ext_draw_size
<LI><a href="#[15e]">&gt;&gt;</a>&nbsp;&nbsp;&nbsp;lv_obj_event
<LI><a href="#[1f0]">&gt;&gt;</a>&nbsp;&nbsp;&nbsp;lv_obj_get_style_prop
<LI><a href="#[1d6]">&gt;&gt;</a>&nbsp;&nbsp;&nbsp;event_send_core
</UL>
<BR>[Address Reference Count : 1]<UL><LI> lto-llvm-f18d01.o(.rodata)
</UL>
<P><STRONG><a name="[29a]"></a>lv_radiobtn_add_item</STRONG> (Thumb, 248 bytes, Stack size 32 bytes, lto-llvm-f18d01.o(.text.lv_radiobtn_add_item))
<BR><BR>[Stack]<UL><LI>Max Depth = 576 + Unknown Stack Size
<LI>Call Chain = lv_radiobtn_add_item &rArr; lv_obj_class_init_obj &rArr; lv_obj_remove_style &rArr; lv_obj_refresh_style &rArr; refresh_children_style &rArr;  refresh_children_style (Cycle)
</UL>
<BR>[Calls]<UL><LI><a href="#[18a]">&gt;&gt;</a>&nbsp;&nbsp;&nbsp;strncpy
<LI><a href="#[1d9]">&gt;&gt;</a>&nbsp;&nbsp;&nbsp;strlen
<LI><a href="#[282]">&gt;&gt;</a>&nbsp;&nbsp;&nbsp;lv_obj_set_size
<LI><a href="#[246]">&gt;&gt;</a>&nbsp;&nbsp;&nbsp;lv_obj_refresh_self_size
<LI><a href="#[1e8]">&gt;&gt;</a>&nbsp;&nbsp;&nbsp;lv_obj_add_flag
<LI><a href="#[1e6]">&gt;&gt;</a>&nbsp;&nbsp;&nbsp;lv_obj_invalidate
<LI><a href="#[1c8]">&gt;&gt;</a>&nbsp;&nbsp;&nbsp;lv_obj_class_init_obj
<LI><a href="#[1c7]">&gt;&gt;</a>&nbsp;&nbsp;&nbsp;lv_obj_class_create_obj
<LI><a href="#[21c]">&gt;&gt;</a>&nbsp;&nbsp;&nbsp;lv_mem_realloc
<LI><a href="#[1c4]">&gt;&gt;</a>&nbsp;&nbsp;&nbsp;block_prepare_used
<LI><a href="#[1c3]">&gt;&gt;</a>&nbsp;&nbsp;&nbsp;block_locate_free
</UL>
<BR>[Called By]<UL><LI><a href="#[2be]">&gt;&gt;</a>&nbsp;&nbsp;&nbsp;setup_scr_screen
</UL>

<P><STRONG><a name="[108]"></a>screen_canvas_1_event_handler</STRONG> (Thumb, 568 bytes, Stack size 56 bytes, lto-llvm-f18d01.o(.text.screen_canvas_1_event_handler))
<BR><BR>[Stack]<UL><LI>Max Depth = 1244 + Unknown Stack Size
<LI>Call Chain = screen_canvas_1_event_handler &rArr; Alpha_act &rArr; lv_canvas_draw_img &rArr; lv_draw_img &rArr; lv_draw_label &rArr; lv_txt_get_size &rArr; _lv_txt_get_next_line &rArr; lv_txt_utf8_next
</UL>
<BR>[Calls]<UL><LI><a href="#[180]">&gt;&gt;</a>&nbsp;&nbsp;&nbsp;__2printf
<LI><a href="#[1b3]">&gt;&gt;</a>&nbsp;&nbsp;&nbsp;is_game_over
<LI><a href="#[1b0]">&gt;&gt;</a>&nbsp;&nbsp;&nbsp;lv_canvas_draw_img
<LI><a href="#[1af]">&gt;&gt;</a>&nbsp;&nbsp;&nbsp;lv_label_set_text
<LI><a href="#[1ab]">&gt;&gt;</a>&nbsp;&nbsp;&nbsp;Alpha_act
<LI><a href="#[1b2]">&gt;&gt;</a>&nbsp;&nbsp;&nbsp;lv_obj_set_pos
<LI><a href="#[1b1]">&gt;&gt;</a>&nbsp;&nbsp;&nbsp;lv_obj_clear_flag
</UL>
<BR>[Address Reference Count : 1]<UL><LI> lto-llvm-f18d01.o(.text.setup_scr_screen)
</UL>
<P><STRONG><a name="[109]"></a>screen_btn_1_event_handler</STRONG> (Thumb, 48 bytes, Stack size 0 bytes, lto-llvm-f18d01.o(.text.screen_btn_1_event_handler))
<BR>[Address Reference Count : 1]<UL><LI> lto-llvm-f18d01.o(.text.setup_scr_screen)
</UL>
<P><STRONG><a name="[10a]"></a>screen_msgbox_event_handler</STRONG> (Thumb, 160 bytes, Stack size 16 bytes, lto-llvm-f18d01.o(.text.screen_msgbox_event_handler))
<BR><BR>[Stack]<UL><LI>Max Depth = 1204 + Unknown Stack Size
<LI>Call Chain = screen_msgbox_event_handler &rArr; Alpha_act &rArr; lv_canvas_draw_img &rArr; lv_draw_img &rArr; lv_draw_label &rArr; lv_txt_get_size &rArr; _lv_txt_get_next_line &rArr; lv_txt_utf8_next
</UL>
<BR>[Calls]<UL><LI><a href="#[180]">&gt;&gt;</a>&nbsp;&nbsp;&nbsp;__2printf
<LI><a href="#[1e8]">&gt;&gt;</a>&nbsp;&nbsp;&nbsp;lv_obj_add_flag
<LI><a href="#[1ab]">&gt;&gt;</a>&nbsp;&nbsp;&nbsp;Alpha_act
<LI><a href="#[1ec]">&gt;&gt;</a>&nbsp;&nbsp;&nbsp;chessboard_screen_init
<LI><a href="#[1aa]">&gt;&gt;</a>&nbsp;&nbsp;&nbsp;__aeabi_memset4
<LI><a href="#[1a9]">&gt;&gt;</a>&nbsp;&nbsp;&nbsp;__aeabi_memset
</UL>
<BR>[Address Reference Count : 1]<UL><LI> lto-llvm-f18d01.o(.text.setup_scr_screen)
</UL>
<P><STRONG><a name="[107]"></a>screen_digital_clock_1_timer</STRONG> (Thumb, 248 bytes, Stack size 48 bytes, lto-llvm-f18d01.o(.text.screen_digital_clock_1_timer))
<BR><BR>[Stack]<UL><LI>Max Depth = 440<LI>Call Chain = screen_digital_clock_1_timer &rArr; lv_dclock_set_text_fmt &rArr; lv_dclock_refr_text &rArr; lv_obj_invalidate &rArr; lv_obj_area_is_visible &rArr; lv_obj_get_transformed_area &rArr; lv_obj_transform_point &rArr;  lv_obj_transform_point (Cycle)
</UL>
<BR>[Calls]<UL><LI><a href="#[24e]">&gt;&gt;</a>&nbsp;&nbsp;&nbsp;lv_dclock_set_text_fmt
<LI><a href="#[2c1]">&gt;&gt;</a>&nbsp;&nbsp;&nbsp;obj_valid_child
</UL>
<BR>[Address Reference Count : 1]<UL><LI> lto-llvm-f18d01.o(.text.setup_scr_screen)
</UL><P>
<H3>
Undefined Global Symbols
</H3><HR></body></html>
